Archive member included to satisfy reference by file (symbol)

/opt/st/stm32cubeide_1.13.2/plugins/com.st.stm32cube.ide.mcu.externaltools.gnu-tools-for-stm32.11.3.rel1.linux64_1.1.1.202309131626/tools/bin/../lib/gcc/arm-none-eabi/11.3.1/../../../../arm-none-eabi/lib/thumb/v7e-m+fp/hard/libc_nano.a(libc_a-exit.o)
                              /opt/st/stm32cubeide_1.13.2/plugins/com.st.stm32cube.ide.mcu.externaltools.gnu-tools-for-stm32.11.3.rel1.linux64_1.1.1.202309131626/tools/bin/../lib/gcc/arm-none-eabi/11.3.1/../../../../arm-none-eabi/lib/thumb/v7e-m+fp/hard/crt0.o (exit)
/opt/st/stm32cubeide_1.13.2/plugins/com.st.stm32cube.ide.mcu.externaltools.gnu-tools-for-stm32.11.3.rel1.linux64_1.1.1.202309131626/tools/bin/../lib/gcc/arm-none-eabi/11.3.1/../../../../arm-none-eabi/lib/thumb/v7e-m+fp/hard/libc_nano.a(libc_a-findfp.o)
                              /opt/st/stm32cubeide_1.13.2/plugins/com.st.stm32cube.ide.mcu.externaltools.gnu-tools-for-stm32.11.3.rel1.linux64_1.1.1.202309131626/tools/bin/../lib/gcc/arm-none-eabi/11.3.1/../../../../arm-none-eabi/lib/thumb/v7e-m+fp/hard/libc_nano.a(libc_a-exit.o) (__stdio_exit_handler)
/opt/st/stm32cubeide_1.13.2/plugins/com.st.stm32cube.ide.mcu.externaltools.gnu-tools-for-stm32.11.3.rel1.linux64_1.1.1.202309131626/tools/bin/../lib/gcc/arm-none-eabi/11.3.1/../../../../arm-none-eabi/lib/thumb/v7e-m+fp/hard/libc_nano.a(libc_a-fwalk.o)
                              /opt/st/stm32cubeide_1.13.2/plugins/com.st.stm32cube.ide.mcu.externaltools.gnu-tools-for-stm32.11.3.rel1.linux64_1.1.1.202309131626/tools/bin/../lib/gcc/arm-none-eabi/11.3.1/../../../../arm-none-eabi/lib/thumb/v7e-m+fp/hard/libc_nano.a(libc_a-findfp.o) (_fwalk_sglue)
/opt/st/stm32cubeide_1.13.2/plugins/com.st.stm32cube.ide.mcu.externaltools.gnu-tools-for-stm32.11.3.rel1.linux64_1.1.1.202309131626/tools/bin/../lib/gcc/arm-none-eabi/11.3.1/../../../../arm-none-eabi/lib/thumb/v7e-m+fp/hard/libc_nano.a(libc_a-sprintf.o)
                              ./Core/Src/main.o (sprintf)
/opt/st/stm32cubeide_1.13.2/plugins/com.st.stm32cube.ide.mcu.externaltools.gnu-tools-for-stm32.11.3.rel1.linux64_1.1.1.202309131626/tools/bin/../lib/gcc/arm-none-eabi/11.3.1/../../../../arm-none-eabi/lib/thumb/v7e-m+fp/hard/libc_nano.a(libc_a-stdio.o)
                              /opt/st/stm32cubeide_1.13.2/plugins/com.st.stm32cube.ide.mcu.externaltools.gnu-tools-for-stm32.11.3.rel1.linux64_1.1.1.202309131626/tools/bin/../lib/gcc/arm-none-eabi/11.3.1/../../../../arm-none-eabi/lib/thumb/v7e-m+fp/hard/libc_nano.a(libc_a-findfp.o) (__sread)
/opt/st/stm32cubeide_1.13.2/plugins/com.st.stm32cube.ide.mcu.externaltools.gnu-tools-for-stm32.11.3.rel1.linux64_1.1.1.202309131626/tools/bin/../lib/gcc/arm-none-eabi/11.3.1/../../../../arm-none-eabi/lib/thumb/v7e-m+fp/hard/libc_nano.a(libc_a-memset.o)
                              /opt/st/stm32cubeide_1.13.2/plugins/com.st.stm32cube.ide.mcu.externaltools.gnu-tools-for-stm32.11.3.rel1.linux64_1.1.1.202309131626/tools/bin/../lib/gcc/arm-none-eabi/11.3.1/../../../../arm-none-eabi/lib/thumb/v7e-m+fp/hard/crt0.o (memset)
/opt/st/stm32cubeide_1.13.2/plugins/com.st.stm32cube.ide.mcu.externaltools.gnu-tools-for-stm32.11.3.rel1.linux64_1.1.1.202309131626/tools/bin/../lib/gcc/arm-none-eabi/11.3.1/../../../../arm-none-eabi/lib/thumb/v7e-m+fp/hard/libc_nano.a(libc_a-closer.o)
                              /opt/st/stm32cubeide_1.13.2/plugins/com.st.stm32cube.ide.mcu.externaltools.gnu-tools-for-stm32.11.3.rel1.linux64_1.1.1.202309131626/tools/bin/../lib/gcc/arm-none-eabi/11.3.1/../../../../arm-none-eabi/lib/thumb/v7e-m+fp/hard/libc_nano.a(libc_a-stdio.o) (_close_r)
/opt/st/stm32cubeide_1.13.2/plugins/com.st.stm32cube.ide.mcu.externaltools.gnu-tools-for-stm32.11.3.rel1.linux64_1.1.1.202309131626/tools/bin/../lib/gcc/arm-none-eabi/11.3.1/../../../../arm-none-eabi/lib/thumb/v7e-m+fp/hard/libc_nano.a(libc_a-reent.o)
                              /opt/st/stm32cubeide_1.13.2/plugins/com.st.stm32cube.ide.mcu.externaltools.gnu-tools-for-stm32.11.3.rel1.linux64_1.1.1.202309131626/tools/bin/../lib/gcc/arm-none-eabi/11.3.1/../../../../arm-none-eabi/lib/thumb/v7e-m+fp/hard/libc_nano.a(libc_a-closer.o) (errno)
/opt/st/stm32cubeide_1.13.2/plugins/com.st.stm32cube.ide.mcu.externaltools.gnu-tools-for-stm32.11.3.rel1.linux64_1.1.1.202309131626/tools/bin/../lib/gcc/arm-none-eabi/11.3.1/../../../../arm-none-eabi/lib/thumb/v7e-m+fp/hard/libc_nano.a(libc_a-impure.o)
                              /opt/st/stm32cubeide_1.13.2/plugins/com.st.stm32cube.ide.mcu.externaltools.gnu-tools-for-stm32.11.3.rel1.linux64_1.1.1.202309131626/tools/bin/../lib/gcc/arm-none-eabi/11.3.1/../../../../arm-none-eabi/lib/thumb/v7e-m+fp/hard/libc_nano.a(libc_a-sprintf.o) (_impure_ptr)
/opt/st/stm32cubeide_1.13.2/plugins/com.st.stm32cube.ide.mcu.externaltools.gnu-tools-for-stm32.11.3.rel1.linux64_1.1.1.202309131626/tools/bin/../lib/gcc/arm-none-eabi/11.3.1/../../../../arm-none-eabi/lib/thumb/v7e-m+fp/hard/libc_nano.a(libc_a-lseekr.o)
[...]
Memory Configuration

Name             Origin             Length             Attributes
CCMRAM           0x0000000010000000 0x0000000000010000 xrw
RAM              0x0000000020000000 0x0000000000020000 xrw
FLASH            0x0000000008000000 0x0000000000100000 xr
*default*        0x0000000000000000 0xffffffffffffffff

Linker script and memory map

LOAD /opt/st/stm32cubeide_1.13.2/plugins/com.st.stm32cube.ide.mcu.externaltools.gnu-tools-for-stm32.11.3.rel1.linux64_1.1.1.202309131626/tools/bin/../lib/gcc/arm-none-eabi/11.3.1/thumb/v7e-m+fp/hard/crti.o
LOAD /opt/st/stm32cubeide_1.13.2/plugins/com.st.stm32cube.ide.mcu.externaltools.gnu-tools-for-stm32.11.3.rel1.linux64_1.1.1.202309131626/tools/bin/../lib/gcc/arm-none-eabi/11.3.1/thumb/v7e-m+fp/hard/crtbegin.o
LOAD /opt/st/stm32cubeide_1.13.2/plugins/com.st.stm32cube.ide.mcu.externaltools.gnu-tools-for-stm32.11.3.rel1.linux64_1.1.1.202309131626/tools/bin/../lib/gcc/arm-none-eabi/11.3.1/../../../../arm-none-eabi/lib/thumb/v7e-m+fp/hard/crt0.o
LOAD ./Core/Src/main.o
LOAD ./Core/Src/stm32f4xx_hal_msp.o
LOAD ./Core/Src/stm32f4xx_it.o
LOAD ./Core/Src/syscalls.o
LOAD ./Core/Src/sysmem.o
LOAD ./Core/Src/system_stm32f4xx.o
LOAD ./Core/Startup/startup_stm32f407vgtx.o
LOAD ./Drivers/STM32F4xx_HAL_Driver/Src/stm32f4xx_hal.o
LOAD ./Drivers/STM32F4xx_HAL_Driver/Src/stm32f4xx_hal_adc.o
LOAD ./Drivers/STM32F4xx_HAL_Driver/Src/stm32f4xx_hal_adc_ex.o
LOAD ./Drivers/STM32F4xx_HAL_Driver/Src/stm32f4xx_hal_cortex.o
LOAD ./Drivers/STM32F4xx_HAL_Driver/Src/stm32f4xx_hal_dma.o
LOAD ./Drivers/STM32F4xx_HAL_Driver/Src/stm32f4xx_hal_dma_ex.o
LOAD ./Drivers/STM32F4xx_HAL_Driver/Src/stm32f4xx_hal_exti.o
LOAD ./Drivers/STM32F4xx_HAL_Driver/Src/stm32f4xx_hal_flash.o
LOAD ./Drivers/STM32F4xx_HAL_Driver/Src/stm32f4xx_hal_flash_ex.o
LOAD ./Drivers/STM32F4xx_HAL_Driver/Src/stm32f4xx_hal_flash_ramfunc.o
LOAD ./Drivers/STM32F4xx_HAL_Driver/Src/stm32f4xx_hal_gpio.o
LOAD ./Drivers/STM32F4xx_HAL_Driver/Src/stm32f4xx_hal_pwr.o
LOAD ./Drivers/STM32F4xx_HAL_Driver/Src/stm32f4xx_hal_pwr_ex.o
LOAD ./Drivers/STM32F4xx_HAL_Driver/Src/stm32f4xx_hal_rcc.o
LOAD ./Drivers/STM32F4xx_HAL_Driver/Src/stm32f4xx_hal_rcc_ex.o
LOAD ./Drivers/STM32F4xx_HAL_Driver/Src/stm32f4xx_hal_uart.o
LOAD ./Drivers/STM32F4xx_HAL_Driver/Src/stm32f4xx_ll_adc.o
START GROUP
LOAD /opt/st/stm32cubeide_1.13.2/plugins/com.st.stm32cube.ide.mcu.externaltools.gnu-tools-for-stm32.11.3.rel1.linux64_1.1.1.202309131626/tools/bin/../lib/gcc/arm-none-eabi/11.3.1/../../../../arm-none-eabi/lib/thumb/v7e-m+fp/hard/libc_nano.a
LOAD /opt/st/stm32cubeide_1.13.2/plugins/com.st.stm32cube.ide.mcu.externaltools.gnu-tools-for-stm32.11.3.rel1.linux64_1.1.1.202309131626/tools/bin/../lib/gcc/arm-none-eabi/11.3.1/../../../../arm-none-eabi/lib/thumb/v7e-m+fp/hard/libm.a
END GROUP
START GROUP
LOAD /opt/st/stm32cubeide_1.13.2/plugins/com.st.stm32cube.ide.mcu.externaltools.gnu-tools-for-stm32.11.3.rel1.linux64_1.1.1.202309131626/tools/bin/../lib/gcc/arm-none-eabi/11.3.1/thumb/v7e-m+fp/hard/libgcc.a
LOAD /opt/st/stm32cubeide_1.13.2/plugins/com.st.stm32cube.ide.mcu.externaltools.gnu-tools-for-stm32.11.3.rel1.linux64_1.1.1.202309131626/tools/bin/../lib/gcc/arm-none-eabi/11.3.1/../../../../arm-none-eabi/lib/thumb/v7e-m+fp/hard/libc_nano.a
END GROUP
START GROUP
LOAD /opt/st/stm32cubeide_1.13.2/plugins/com.st.stm32cube.ide.mcu.externaltools.gnu-tools-for-stm32.11.3.rel1.linux64_1.1.1.202309131626/tools/bin/../lib/gcc/arm-none-eabi/11.3.1/thumb/v7e-m+fp/hard/libgcc.a
LOAD /opt/st/stm32cubeide_1.13.2/plugins/com.st.stm32cube.ide.mcu.externaltools.gnu-tools-for-stm32.11.3.rel1.linux64_1.1.1.202309131626/tools/bin/../lib/gcc/arm-none-eabi/11.3.1/../../../../arm-none-eabi/lib/thumb/v7e-m+fp/hard/libc_nano.a
LOAD /opt/st/stm32cubeide_1.13.2/plugins/com.st.stm32cube.ide.mcu.externaltools.gnu-tools-for-stm32.11.3.rel1.linux64_1.1.1.202309131626/tools/bin/../lib/gcc/arm-none-eabi/11.3.1/../../../../arm-none-eabi/lib/thumb/v7e-m+fp/hard/libnosys.a
END GROUP
START GROUP
LOAD /opt/st/stm32cubeide_1.13.2/plugins/com.st.stm32cube.ide.mcu.externaltools.gnu-tools-for-stm32.11.3.rel1.linux64_1.1.1.202309131626/tools/bin/../lib/gcc/arm-none-eabi/11.3.1/thumb/v7e-m+fp/hard/libgcc.a
LOAD /opt/st/stm32cubeide_1.13.2/plugins/com.st.stm32cube.ide.mcu.externaltools.gnu-tools-for-stm32.11.3.rel1.linux64_1.1.1.202309131626/tools/bin/../lib/gcc/arm-none-eabi/11.3.1/../../../../arm-none-eabi/lib/thumb/v7e-m+fp/hard/libc_nano.a
LOAD /opt/st/stm32cubeide_1.13.2/plugins/com.st.stm32cube.ide.mcu.externaltools.gnu-tools-for-stm32.11.3.rel1.linux64_1.1.1.202309131626/tools/bin/../lib/gcc/arm-none-eabi/11.3.1/../../../../arm-none-eabi/lib/thumb/v7e-m+fp/hard/libnosys.a
END GROUP
LOAD /opt/st/stm32cubeide_1.13.2/plugins/com.st.stm32cube.ide.mcu.externaltools.gnu-tools-for-stm32.11.3.rel1.linux64_1.1.1.202309131626/tools/bin/../lib/gcc/arm-none-eabi/11.3.1/thumb/v7e-m+fp/hard/crtend.o
LOAD /opt/st/stm32cubeide_1.13.2/plugins/com.st.stm32cube.ide.mcu.externaltools.gnu-tools-for-stm32.11.3.rel1.linux64_1.1.1.202309131626/tools/bin/../lib/gcc/arm-none-eabi/11.3.1/thumb/v7e-m+fp/hard/crtn.o
                0x0000000020020000                _estack = (ORIGIN (RAM) + LENGTH (RAM))
                0x0000000000000200                _Min_Heap_Size = 0x200
                0x0000000000000400                _Min_Stack_Size = 0x400

.isr_vector     0x0000000008000000      0x188
                0x0000000008000000                . = ALIGN (0x4)
 *(.isr_vector)
 .isr_vector    0x0000000008000000      0x188 ./Core/Startup/startup_stm32f407vgtx.o
                0x0000000008000000                g_pfnVectors
                0x0000000008000188                . = ALIGN (0x4)

.text           0x0000000008000190     0x30ac
                0x0000000008000190                . = ALIGN (0x4)
 *(.text)
 .text          0x0000000008000190       0x40 /opt/st/stm32cubeide_1.13.2/plugins/com.st.stm32cube.ide.mcu.externaltools.gnu-tools-for-stm32.11.3.rel1.linux64_1.1.1.202309131626/tools/bin/../lib/gcc/arm-none-eabi/11.3.1/thumb/v7e-m+fp/hard/crtbegin.o
 .text          0x00000000080001d0       0xa0 /opt/st/stm32cubeide_1.13.2/plugins/com.st.stm32cube.ide.mcu.externaltools.gnu-tools-for-stm32.11.3.rel1.linux64_1.1.1.202309131626/tools/bin/../lib/gcc/arm-none-eabi/11.3.1/../../../../arm-none-eabi/lib/thumb/v7e-m+fp/hard/libc_nano.a(libc_a-memchr.o)
                0x00000000080001d0                memchr
 .text          0x0000000008000270       0x30 /opt/st/stm32cubeide_1.13.2/plugins/com.st.stm32cube.ide.mcu.externaltools.gnu-tools-for-stm32.11.3.rel1.linux64_1.1.1.202309131626/tools/bin/../lib/gcc/arm-none-eabi/11.3.1/thumb/v7e-m+fp/hard/libgcc.a(_aeabi_uldivmod.o)
                0x0000000008000270                __aeabi_uldivmod
 .text          0x00000000080002a0      0x2c8 /opt/st/stm32cubeide_1.13.2/plugins/com.st.stm32cube.ide.mcu.externaltools.gnu-tools-for-stm32.11.3.rel1.linux64_1.1.1.202309131626/tools/bin/../lib/gcc/arm-none-eabi/11.3.1/thumb/v7e-m+fp/hard/libgcc.a(_udivmoddi4.o)
                0x00000000080002a0                __udivmoddi4
 .text          0x0000000008000568        0x4 /opt/st/stm32cubeide_1.13.2/plugins/com.st.stm32cube.ide.mcu.externaltools.gnu-tools-for-stm32.11.3.rel1.linux64_1.1.1.202309131626/tools/bin/../lib/gcc/arm-none-eabi/11.3.1/thumb/v7e-m+fp/hard/libgcc.a(_dvmd_tls.o)
                0x0000000008000568                __aeabi_ldiv0
                0x0000000008000568                __aeabi_idiv0
 *(.text*)
 .text.main     0x000000000800056c       0x78 ./Core/Src/main.o
                0x000000000800056c                main
 .text.SystemClock_Config
                0x00000000080005e4       0xbc ./Core/Src/main.o
                0x00000000080005e4                SystemClock_Config
 .text.MX_ADC1_Init
                0x00000000080006a0       0xa4 ./Core/Src/main.o
 .text.MX_USART2_UART_Init
                0x0000000008000744       0x54 ./Core/Src/main.o
 .text.MX_GPIO_Init
                0x0000000008000798       0x34 ./Core/Src/main.o
 .text.Error_Handler
                0x00000000080007cc        0xa ./Core/Src/main.o
                0x00000000080007cc                Error_Handler
 *fill*         0x00000000080007d6        0x2 
 .text.HAL_MspInit
                0x00000000080007d8       0x50 ./Core/Src/stm32f4xx_hal_msp.o
                0x00000000080007d8                HAL_MspInit
 .text.HAL_ADC_MspInit
                0x0000000008000828       0x88 ./Core/Src/stm32f4xx_hal_msp.o
                0x0000000008000828                HAL_ADC_MspInit
 .text.HAL_UART_MspInit
                0x00000000080008b0       0x90 ./Core/Src/stm32f4xx_hal_msp.o
                0x00000000080008b0                HAL_UART_MspInit
 .text.NMI_Handler
                0x0000000008000940        0x6 ./Core/Src/stm32f4xx_it.o
                0x0000000008000940                NMI_Handler
 .text.HardFault_Handler
                0x0000000008000946        0x6 ./Core/Src/stm32f4xx_it.o
                0x0000000008000946                HardFault_Handler
 .text.MemManage_Handler
                0x000000000800094c        0x6 ./Core/Src/stm32f4xx_it.o
                0x000000000800094c                MemManage_Handler
 .text.BusFault_Handler
                0x0000000008000952        0x6 ./Core/Src/stm32f4xx_it.o
                0x0000000008000952                BusFault_Handler
 .text.UsageFault_Handler
                0x0000000008000958        0x6 ./Core/Src/stm32f4xx_it.o
                0x0000000008000958                UsageFault_Handler
 .text.SVC_Handler
                0x000000000800095e        0xe ./Core/Src/stm32f4xx_it.o
                0x000000000800095e                SVC_Handler
 .text.DebugMon_Handler
                0x000000000800096c        0xe ./Core/Src/stm32f4xx_it.o
                0x000000000800096c                DebugMon_Handler
 .text.PendSV_Handler
                0x000000000800097a        0xe ./Core/Src/stm32f4xx_it.o
                0x000000000800097a                PendSV_Handler
 .text.SysTick_Handler
                0x0000000008000988        0xc ./Core/Src/stm32f4xx_it.o
                0x0000000008000988                SysTick_Handler
 .text._sbrk    0x0000000008000994       0x6c ./Core/Src/sysmem.o
                0x0000000008000994                _sbrk
 .text.SystemInit
                0x0000000008000a00       0x24 ./Core/Src/system_stm32f4xx.o
                0x0000000008000a00                SystemInit
 .text.Reset_Handler
                0x0000000008000a24       0x50 ./Core/Startup/startup_stm32f407vgtx.o
                0x0000000008000a24                Reset_Handler
 .text.Default_Handler
                0x0000000008000a74        0x2 ./Core/Startup/startup_stm32f407vgtx.o
                0x0000000008000a74                RTC_Alarm_IRQHandler
                0x0000000008000a74                HASH_RNG_IRQHandler
                0x0000000008000a74                EXTI2_IRQHandler
                0x0000000008000a74                TIM8_CC_IRQHandler
                0x0000000008000a74                TIM1_CC_IRQHandler
                0x0000000008000a74                DMA2_Stream5_IRQHandler
                0x0000000008000a74                DMA1_Stream5_IRQHandler
                0x0000000008000a74                PVD_IRQHandler
                0x0000000008000a74                SDIO_IRQHandler
                0x0000000008000a74                TAMP_STAMP_IRQHandler
                0x0000000008000a74                CAN2_RX1_IRQHandler
                0x0000000008000a74                EXTI3_IRQHandler
                0x0000000008000a74                TIM8_TRG_COM_TIM14_IRQHandler
                0x0000000008000a74                TIM1_UP_TIM10_IRQHandler
                0x0000000008000a74                TIM8_UP_TIM13_IRQHandler
                0x0000000008000a74                I2C3_ER_IRQHandler
                0x0000000008000a74                EXTI0_IRQHandler
                0x0000000008000a74                I2C2_EV_IRQHandler
                0x0000000008000a74                DMA1_Stream2_IRQHandler
                0x0000000008000a74                CAN1_RX0_IRQHandler
                0x0000000008000a74                FPU_IRQHandler
                0x0000000008000a74                OTG_HS_WKUP_IRQHandler
                0x0000000008000a74                CAN2_SCE_IRQHandler
                0x0000000008000a74                DMA2_Stream2_IRQHandler
                0x0000000008000a74                SPI1_IRQHandler
                0x0000000008000a74                TIM6_DAC_IRQHandler
                0x0000000008000a74                TIM1_BRK_TIM9_IRQHandler
                0x0000000008000a74                DCMI_IRQHandler
                0x0000000008000a74                CAN2_RX0_IRQHandler
                0x0000000008000a74                DMA2_Stream3_IRQHandler
                0x0000000008000a74                USART6_IRQHandler
                0x0000000008000a74                USART3_IRQHandler
                0x0000000008000a74                CAN1_RX1_IRQHandler
                0x0000000008000a74                UART5_IRQHandler
                0x0000000008000a74                DMA2_Stream0_IRQHandler
                0x0000000008000a74                TIM4_IRQHandler
                0x0000000008000a74                I2C1_EV_IRQHandler
                0x0000000008000a74                DMA1_Stream6_IRQHandler
                0x0000000008000a74                DMA1_Stream1_IRQHandler
                0x0000000008000a74                UART4_IRQHandler
                0x0000000008000a74                TIM3_IRQHandler
                0x0000000008000a74                RCC_IRQHandler
                0x0000000008000a74                TIM8_BRK_TIM12_IRQHandler
                0x0000000008000a74                Default_Handler
                0x0000000008000a74                EXTI15_10_IRQHandler
                0x0000000008000a74                ADC_IRQHandler
                0x0000000008000a74                DMA1_Stream7_IRQHandler
                0x0000000008000a74                TIM7_IRQHandler
                0x0000000008000a74                CAN2_TX_IRQHandler
                0x0000000008000a74                TIM5_IRQHandler
                0x0000000008000a74                DMA2_Stream7_IRQHandler
                0x0000000008000a74                I2C3_EV_IRQHandler
                0x0000000008000a74                EXTI9_5_IRQHandler
                0x0000000008000a74                RTC_WKUP_IRQHandler
                0x0000000008000a74                ETH_WKUP_IRQHandler
                0x0000000008000a74                SPI2_IRQHandler
                0x0000000008000a74                OTG_HS_EP1_IN_IRQHandler
                0x0000000008000a74                DMA1_Stream0_IRQHandler
                0x0000000008000a74                CAN1_TX_IRQHandler
                0x0000000008000a74                EXTI4_IRQHandler
                0x0000000008000a74                FSMC_IRQHandler
                0x0000000008000a74                ETH_IRQHandler
                0x0000000008000a74                OTG_HS_EP1_OUT_IRQHandler
                0x0000000008000a74                WWDG_IRQHandler
                0x0000000008000a74                TIM2_IRQHandler
                0x0000000008000a74                OTG_FS_WKUP_IRQHandler
                0x0000000008000a74                TIM1_TRG_COM_TIM11_IRQHandler
                0x0000000008000a74                OTG_HS_IRQHandler
                0x0000000008000a74                EXTI1_IRQHandler
                0x0000000008000a74                USART2_IRQHandler
                0x0000000008000a74                I2C2_ER_IRQHandler
                0x0000000008000a74                DMA2_Stream1_IRQHandler
                0x0000000008000a74                CAN1_SCE_IRQHandler
                0x0000000008000a74                FLASH_IRQHandler
                0x0000000008000a74                DMA2_Stream4_IRQHandler
                0x0000000008000a74                USART1_IRQHandler
                0x0000000008000a74                OTG_FS_IRQHandler
                0x0000000008000a74                SPI3_IRQHandler
                0x0000000008000a74                DMA1_Stream4_IRQHandler
                0x0000000008000a74                I2C1_ER_IRQHandler
                0x0000000008000a74                DMA2_Stream6_IRQHandler
                0x0000000008000a74                DMA1_Stream3_IRQHandler
 *fill*         0x0000000008000a76        0x2 
 .text.HAL_Init
                0x0000000008000a78       0x44 ./Drivers/STM32F4xx_HAL_Driver/Src/stm32f4xx_hal.o
                0x0000000008000a78                HAL_Init
 .text.HAL_InitTick
                0x0000000008000abc       0x60 ./Drivers/STM32F4xx_HAL_Driver/Src/stm32f4xx_hal.o
                0x0000000008000abc                HAL_InitTick
 .text.HAL_IncTick
                0x0000000008000b1c       0x28 ./Drivers/STM32F4xx_HAL_Driver/Src/stm32f4xx_hal.o
                0x0000000008000b1c                HAL_IncTick
 .text.HAL_GetTick
                0x0000000008000b44       0x18 ./Drivers/STM32F4xx_HAL_Driver/Src/stm32f4xx_hal.o
                0x0000000008000b44                HAL_GetTick
 .text.HAL_Delay
                0x0000000008000b5c       0x48 ./Drivers/STM32F4xx_HAL_Driver/Src/stm32f4xx_hal.o
                0x0000000008000b5c                HAL_Delay
 .text.HAL_ADC_Init
                0x0000000008000ba4       0x86 ./Drivers/STM32F4xx_HAL_Driver/Src/stm32f4xx_hal_adc.o
                0x0000000008000ba4                HAL_ADC_Init
 *fill*         0x0000000008000c2a        0x2 
 .text.HAL_ADC_Start
                0x0000000008000c2c      0x1a4 ./Drivers/STM32F4xx_HAL_Driver/Src/stm32f4xx_hal_adc.o
                0x0000000008000c2c                HAL_ADC_Start
 .text.HAL_ADC_Stop
                0x0000000008000dd0       0x66 ./Drivers/STM32F4xx_HAL_Driver/Src/stm32f4xx_hal_adc.o
                0x0000000008000dd0                HAL_ADC_Stop
 .text.HAL_ADC_PollForConversion
                0x0000000008000e36      0x116 ./Drivers/STM32F4xx_HAL_Driver/Src/stm32f4xx_hal_adc.o
                0x0000000008000e36                HAL_ADC_PollForConversion
 .text.HAL_ADC_GetValue
                0x0000000008000f4c       0x1a ./Drivers/STM32F4xx_HAL_Driver/Src/stm32f4xx_hal_adc.o
                0x0000000008000f4c                HAL_ADC_GetValue
 *fill*         0x0000000008000f66        0x2 
 .text.HAL_ADC_ConfigChannel
                0x0000000008000f68      0x244 ./Drivers/STM32F4xx_HAL_Driver/Src/stm32f4xx_hal_adc.o
                0x0000000008000f68                HAL_ADC_ConfigChannel
 .text.ADC_Init
                0x00000000080011ac      0x1f8 ./Drivers/STM32F4xx_HAL_Driver/Src/stm32f4xx_hal_adc.o
 .text.__NVIC_SetPriorityGrouping
                0x00000000080013a4       0x48 ./Drivers/STM32F4xx_HAL_Driver/Src/stm32f4xx_hal_cortex.o
 .text.__NVIC_GetPriorityGrouping
                0x00000000080013ec       0x1c ./Drivers/STM32F4xx_HAL_Driver/Src/stm32f4xx_hal_cortex.o
 .text.__NVIC_SetPriority
                0x0000000008001408       0x54 ./Drivers/STM32F4xx_HAL_Driver/Src/stm32f4xx_hal_cortex.o
 .text.NVIC_EncodePriority
                0x000000000800145c       0x66 ./Drivers/STM32F4xx_HAL_Driver/Src/stm32f4xx_hal_cortex.o
 *fill*         0x00000000080014c2        0x2 
 .text.SysTick_Config
                0x00000000080014c4       0x44 ./Drivers/STM32F4xx_HAL_Driver/Src/stm32f4xx_hal_cortex.o
 .text.HAL_NVIC_SetPriorityGrouping
                0x0000000008001508       0x16 ./Drivers/STM32F4xx_HAL_Driver/Src/stm32f4xx_hal_cortex.o
                0x0000000008001508                HAL_NVIC_SetPriorityGrouping
 .text.HAL_NVIC_SetPriority
                0x000000000800151e       0x38 ./Drivers/STM32F4xx_HAL_Driver/Src/stm32f4xx_hal_cortex.o
                0x000000000800151e                HAL_NVIC_SetPriority
 .text.HAL_SYSTICK_Config
                0x0000000008001556       0x18 ./Drivers/STM32F4xx_HAL_Driver/Src/stm32f4xx_hal_cortex.o
                0x0000000008001556                HAL_SYSTICK_Config
 *fill*         0x000000000800156e        0x2 
 .text.HAL_GPIO_Init
                0x0000000008001570      0x338 ./Drivers/STM32F4xx_HAL_Driver/Src/stm32f4xx_hal_gpio.o
                0x0000000008001570                HAL_GPIO_Init
 .text.HAL_RCC_OscConfig
                0x00000000080018a8      0x4f0 ./Drivers/STM32F4xx_HAL_Driver/Src/stm32f4xx_hal_rcc.o
                0x00000000080018a8                HAL_RCC_OscConfig
 .text.HAL_RCC_ClockConfig
                0x0000000008001d98      0x1cc ./Drivers/STM32F4xx_HAL_Driver/Src/stm32f4xx_hal_rcc.o
                0x0000000008001d98                HAL_RCC_ClockConfig
 .text.HAL_RCC_GetSysClockFreq
                0x0000000008001f64      0x18c ./Drivers/STM32F4xx_HAL_Driver/Src/stm32f4xx_hal_rcc.o
                0x0000000008001f64                HAL_RCC_GetSysClockFreq
 .text.HAL_RCC_GetHCLKFreq
                0x00000000080020f0       0x18 ./Drivers/STM32F4xx_HAL_Driver/Src/stm32f4xx_hal_rcc.o
                0x00000000080020f0                HAL_RCC_GetHCLKFreq
 .text.HAL_RCC_GetPCLK1Freq
                0x0000000008002108       0x28 ./Drivers/STM32F4xx_HAL_Driver/Src/stm32f4xx_hal_rcc.o
                0x0000000008002108                HAL_RCC_GetPCLK1Freq
 .text.HAL_RCC_GetPCLK2Freq
                0x0000000008002130       0x28 ./Drivers/STM32F4xx_HAL_Driver/Src/stm32f4xx_hal_rcc.o
                0x0000000008002130                HAL_RCC_GetPCLK2Freq
 .text.HAL_UART_Init
                0x0000000008002158       0x9a ./Drivers/STM32F4xx_HAL_Driver/Src/stm32f4xx_hal_uart.o
                0x0000000008002158                HAL_UART_Init
 .text.HAL_UART_Transmit
                0x00000000080021f2      0x124 ./Drivers/STM32F4xx_HAL_Driver/Src/stm32f4xx_hal_uart.o
                0x00000000080021f2                HAL_UART_Transmit
 .text.UART_WaitOnFlagUntilTimeout
                0x0000000008002316       0xdc ./Drivers/STM32F4xx_HAL_Driver/Src/stm32f4xx_hal_uart.o
 *fill*         0x00000000080023f2        0x2 
 .text.UART_SetConfig
                0x00000000080023f4      0x4e8 ./Drivers/STM32F4xx_HAL_Driver/Src/stm32f4xx_hal_uart.o
 .text.sprintf  0x00000000080028dc       0x40 /opt/st/stm32cubeide_1.13.2/plugins/com.st.stm32cube.ide.mcu.externaltools.gnu-tools-for-stm32.11.3.rel1.linux64_1.1.1.202309131626/tools/bin/../lib/gcc/arm-none-eabi/11.3.1/../../../../arm-none-eabi/lib/thumb/v7e-m+fp/hard/libc_nano.a(libc_a-sprintf.o)
                0x00000000080028dc                sprintf
                0x00000000080028dc                siprintf
 .text.memset   0x000000000800291c       0x10 /opt/st/stm32cubeide_1.13.2/plugins/com.st.stm32cube.ide.mcu.externaltools.gnu-tools-for-stm32.11.3.rel1.linux64_1.1.1.202309131626/tools/bin/../lib/gcc/arm-none-eabi/11.3.1/../../../../arm-none-eabi/lib/thumb/v7e-m+fp/hard/libc_nano.a(libc_a-memset.o)
                0x000000000800291c                memset
 .text.__errno  0x000000000800292c        0xc /opt/st/stm32cubeide_1.13.2/plugins/com.st.stm32cube.ide.mcu.externaltools.gnu-tools-for-stm32.11.3.rel1.linux64_1.1.1.202309131626/tools/bin/../lib/gcc/arm-none-eabi/11.3.1/../../../../arm-none-eabi/lib/thumb/v7e-m+fp/hard/libc_nano.a(libc_a-errno.o)
                0x000000000800292c                __errno
 .text.__libc_init_array
                0x0000000008002938       0x48 /opt/st/stm32cubeide_1.13.2/plugins/com.st.stm32cube.ide.mcu.externaltools.gnu-tools-for-stm32.11.3.rel1.linux64_1.1.1.202309131626/tools/bin/../lib/gcc/arm-none-eabi/11.3.1/../../../../arm-none-eabi/lib/thumb/v7e-m+fp/hard/libc_nano.a(libc_a-init.o)
                0x0000000008002938                __libc_init_array
 .text.__retarget_lock_acquire_recursive
                0x0000000008002980        0x2 /opt/st/stm32cubeide_1.13.2/plugins/com.st.stm32cube.ide.mcu.externaltools.gnu-tools-for-stm32.11.3.rel1.linux64_1.1.1.202309131626/tools/bin/../lib/gcc/arm-none-eabi/11.3.1/../../../../arm-none-eabi/lib/thumb/v7e-m+fp/hard/libc_nano.a(libc_a-lock.o)
                0x0000000008002980                __retarget_lock_acquire_recursive
 .text.__retarget_lock_release_recursive
                0x0000000008002982        0x2 /opt/st/stm32cubeide_1.13.2/plugins/com.st.stm32cube.ide.mcu.externaltools.gnu-tools-for-stm32.11.3.rel1.linux64_1.1.1.202309131626/tools/bin/../lib/gcc/arm-none-eabi/11.3.1/../../../../arm-none-eabi/lib/thumb/v7e-m+fp/hard/libc_nano.a(libc_a-lock.o)
                0x0000000008002982                __retarget_lock_release_recursive
 .text._free_r  0x0000000008002984       0x98 /opt/st/stm32cubeide_1.13.2/plugins/com.st.stm32cube.ide.mcu.externaltools.gnu-tools-for-stm32.11.3.rel1.linux64_1.1.1.202309131626/tools/bin/../lib/gcc/arm-none-eabi/11.3.1/../../../../arm-none-eabi/lib/thumb/v7e-m+fp/hard/libc_nano.a(libc_a-freer.o)
                0x0000000008002984                _free_r
 .text.sbrk_aligned
                0x0000000008002a1c       0x40 /opt/st/stm32cubeide_1.13.2/plugins/com.st.stm32cube.ide.mcu.externaltools.gnu-tools-for-stm32.11.3.rel1.linux64_1.1.1.202309131626/tools/bin/../lib/gcc/arm-none-eabi/11.3.1/../../../../arm-none-eabi/lib/thumb/v7e-m+fp/hard/libc_nano.a(libc_a-mallocr.o)
 .text._malloc_r
                0x0000000008002a5c      0x100 /opt/st/stm32cubeide_1.13.2/plugins/com.st.stm32cube.ide.mcu.externaltools.gnu-tools-for-stm32.11.3.rel1.linux64_1.1.1.202309131626/tools/bin/../lib/gcc/arm-none-eabi/11.3.1/../../../../arm-none-eabi/lib/thumb/v7e-m+fp/hard/libc_nano.a(libc_a-mallocr.o)
                0x0000000008002a5c                _malloc_r
 .text.__malloc_lock
                0x0000000008002b5c        0xc /opt/st/stm32cubeide_1.13.2/plugins/com.st.stm32cube.ide.mcu.externaltools.gnu-tools-for-stm32.11.3.rel1.linux64_1.1.1.202309131626/tools/bin/../lib/gcc/arm-none-eabi/11.3.1/../../../../arm-none-eabi/lib/thumb/v7e-m+fp/hard/libc_nano.a(libc_a-mlock.o)
                0x0000000008002b5c                __malloc_lock
 .text.__malloc_unlock
                0x0000000008002b68        0xc /opt/st/stm32cubeide_1.13.2/plugins/com.st.stm32cube.ide.mcu.externaltools.gnu-tools-for-stm32.11.3.rel1.linux64_1.1.1.202309131626/tools/bin/../lib/gcc/arm-none-eabi/11.3.1/../../../../arm-none-eabi/lib/thumb/v7e-m+fp/hard/libc_nano.a(libc_a-mlock.o)
                0x0000000008002b68                __malloc_unlock
 .text.__ssputs_r
                0x0000000008002b74       0xb4 /opt/st/stm32cubeide_1.13.2/plugins/com.st.stm32cube.ide.mcu.externaltools.gnu-tools-for-stm32.11.3.rel1.linux64_1.1.1.202309131626/tools/bin/../lib/gcc/arm-none-eabi/11.3.1/../../../../arm-none-eabi/lib/thumb/v7e-m+fp/hard/libc_nano.a(libc_a-nano-svfprintf.o)
                0x0000000008002b74                __ssputs_r
 .text._svfprintf_r
                0x0000000008002c28      0x1fc /opt/st/stm32cubeide_1.13.2/plugins/com.st.stm32cube.ide.mcu.externaltools.gnu-tools-for-stm32.11.3.rel1.linux64_1.1.1.202309131626/tools/bin/../lib/gcc/arm-none-eabi/11.3.1/../../../../arm-none-eabi/lib/thumb/v7e-m+fp/hard/libc_nano.a(libc_a-nano-svfprintf.o)
                0x0000000008002c28                _svfprintf_r
                0x0000000008002c28                _svfiprintf_r
 .text._printf_common
                0x0000000008002e24       0xda /opt/st/stm32cubeide_1.13.2/plugins/com.st.stm32cube.ide.mcu.externaltools.gnu-tools-for-stm32.11.3.rel1.linux64_1.1.1.202309131626/tools/bin/../lib/gcc/arm-none-eabi/11.3.1/../../../../arm-none-eabi/lib/thumb/v7e-m+fp/hard/libc_nano.a(libc_a-nano-vfprintf_i.o)
                0x0000000008002e24                _printf_common
 *fill*         0x0000000008002efe        0x2 
 .text._printf_i
                0x0000000008002f00      0x244 /opt/st/stm32cubeide_1.13.2/plugins/com.st.stm32cube.ide.mcu.externaltools.gnu-tools-for-stm32.11.3.rel1.linux64_1.1.1.202309131626/tools/bin/../lib/gcc/arm-none-eabi/11.3.1/../../../../arm-none-eabi/lib/thumb/v7e-m+fp/hard/libc_nano.a(libc_a-nano-vfprintf_i.o)
                0x0000000008002f00                _printf_i
 .text.memmove  0x0000000008003144       0x34 /opt/st/stm32cubeide_1.13.2/plugins/com.st.stm32cube.ide.mcu.externaltools.gnu-tools-for-stm32.11.3.rel1.linux64_1.1.1.202309131626/tools/bin/../lib/gcc/arm-none-eabi/11.3.1/../../../../arm-none-eabi/lib/thumb/v7e-m+fp/hard/libc_nano.a(libc_a-memmove.o)
                0x0000000008003144                memmove
 .text._sbrk_r  0x0000000008003178       0x20 /opt/st/stm32cubeide_1.13.2/plugins/com.st.stm32cube.ide.mcu.externaltools.gnu-tools-for-stm32.11.3.rel1.linux64_1.1.1.202309131626/tools/bin/../lib/gcc/arm-none-eabi/11.3.1/../../../../arm-none-eabi/lib/thumb/v7e-m+fp/hard/libc_nano.a(libc_a-sbrkr.o)
                0x0000000008003178                _sbrk_r
 .text.memcpy   0x0000000008003198       0x1c /opt/st/stm32cubeide_1.13.2/plugins/com.st.stm32cube.ide.mcu.externaltools.gnu-tools-for-stm32.11.3.rel1.linux64_1.1.1.202309131626/tools/bin/../lib/gcc/arm-none-eabi/11.3.1/../../../../arm-none-eabi/lib/thumb/v7e-m+fp/hard/libc_nano.a(libc_a-memcpy-stub.o)
                0x0000000008003198                memcpy
 .text._realloc_r
                0x00000000080031b4       0x5e /opt/st/stm32cubeide_1.13.2/plugins/com.st.stm32cube.ide.mcu.externaltools.gnu-tools-for-stm32.11.3.rel1.linux64_1.1.1.202309131626/tools/bin/../lib/gcc/arm-none-eabi/11.3.1/../../../../arm-none-eabi/lib/thumb/v7e-m+fp/hard/libc_nano.a(libc_a-reallocr.o)
                0x00000000080031b4                _realloc_r
 .text._malloc_usable_size_r
                0x0000000008003212       0x10 /opt/st/stm32cubeide_1.13.2/plugins/com.st.stm32cube.ide.mcu.externaltools.gnu-tools-for-stm32.11.3.rel1.linux64_1.1.1.202309131626/tools/bin/../lib/gcc/arm-none-eabi/11.3.1/../../../../arm-none-eabi/lib/thumb/v7e-m+fp/hard/libc_nano.a(libc_a-msizer.o)
                0x0000000008003212                _malloc_usable_size_r
 *(.glue_7)
 .glue_7        0x0000000008003222        0x0 linker stubs
 *(.glue_7t)
 .glue_7t       0x0000000008003222        0x0 linker stubs
 *(.eh_frame)
 *fill*         0x0000000008003222        0x2 
 .eh_frame      0x0000000008003224        0x0 /opt/st/stm32cubeide_1.13.2/plugins/com.st.stm32cube.ide.mcu.externaltools.gnu-tools-for-stm32.11.3.rel1.linux64_1.1.1.202309131626/tools/bin/../lib/gcc/arm-none-eabi/11.3.1/thumb/v7e-m+fp/hard/crtbegin.o
 *(.init)
 .init          0x0000000008003224        0x4 /opt/st/stm32cubeide_1.13.2/plugins/com.st.stm32cube.ide.mcu.externaltools.gnu-tools-for-stm32.11.3.rel1.linux64_1.1.1.202309131626/tools/bin/../lib/gcc/arm-none-eabi/11.3.1/thumb/v7e-m+fp/hard/crti.o
                0x0000000008003224                _init
 .init          0x0000000008003228        0x8 /opt/st/stm32cubeide_1.13.2/plugins/com.st.stm32cube.ide.mcu.externaltools.gnu-tools-for-stm32.11.3.rel1.linux64_1.1.1.202309131626/tools/bin/../lib/gcc/arm-none-eabi/11.3.1/thumb/v7e-m+fp/hard/crtn.o
 *(.fini)
 .fini          0x0000000008003230        0x4 /opt/st/stm32cubeide_1.13.2/plugins/com.st.stm32cube.ide.mcu.externaltools.gnu-tools-for-stm32.11.3.rel1.linux64_1.1.1.202309131626/tools/bin/../lib/gcc/arm-none-eabi/11.3.1/thumb/v7e-m+fp/hard/crti.o
                0x0000000008003230                _fini
 .fini          0x0000000008003234        0x8 /opt/st/stm32cubeide_1.13.2/plugins/com.st.stm32cube.ide.mcu.externaltools.gnu-tools-for-stm32.11.3.rel1.linux64_1.1.1.202309131626/tools/bin/../lib/gcc/arm-none-eabi/11.3.1/thumb/v7e-m+fp/hard/crtn.o
                0x000000000800323c                . = ALIGN (0x4)
                0x000000000800323c                _etext = .

.vfp11_veneer   0x000000000800323c        0x0
 .vfp11_veneer  0x000000000800323c        0x0 linker stubs

.v4_bx          0x000000000800323c        0x0
 .v4_bx         0x000000000800323c        0x0 linker stubs

.iplt           0x000000000800323c        0x0
 .iplt          0x000000000800323c        0x0 /opt/st/stm32cubeide_1.13.2/plugins/com.st.stm32cube.ide.mcu.externaltools.gnu-tools-for-stm32.11.3.rel1.linux64_1.1.1.202309131626/tools/bin/../lib/gcc/arm-none-eabi/11.3.1/thumb/v7e-m+fp/hard/crtbegin.o

.rodata         0x000000000800323c       0x60
                0x000000000800323c                . = ALIGN (0x4)
 *(.rodata)
 .rodata        0x000000000800323c       0x11 ./Core/Src/main.o
 *(.rodata*)
 *fill*         0x000000000800324d        0x3 
 .rodata.AHBPrescTable
                0x0000000008003250       0x10 ./Core/Src/system_stm32f4xx.o
                0x0000000008003250                AHBPrescTable
 .rodata.APBPrescTable
                0x0000000008003260        0x8 ./Core/Src/system_stm32f4xx.o
                0x0000000008003260                APBPrescTable
 .rodata._svfprintf_r.str1.1
                0x0000000008003268       0x11 /opt/st/stm32cubeide_1.13.2/plugins/com.st.stm32cube.ide.mcu.externaltools.gnu-tools-for-stm32.11.3.rel1.linux64_1.1.1.202309131626/tools/bin/../lib/gcc/arm-none-eabi/11.3.1/../../../../arm-none-eabi/lib/thumb/v7e-m+fp/hard/libc_nano.a(libc_a-nano-svfprintf.o)
 .rodata._printf_i.str1.1
                0x0000000008003279       0x22 /opt/st/stm32cubeide_1.13.2/plugins/com.st.stm32cube.ide.mcu.externaltools.gnu-tools-for-stm32.11.3.rel1.linux64_1.1.1.202309131626/tools/bin/../lib/gcc/arm-none-eabi/11.3.1/../../../../arm-none-eabi/lib/thumb/v7e-m+fp/hard/libc_nano.a(libc_a-nano-vfprintf_i.o)
                0x000000000800329c                . = ALIGN (0x4)
 *fill*         0x000000000800329b        0x1 

.ARM.extab      0x000000000800329c        0x0
                0x000000000800329c                . = ALIGN (0x4)
 *(.ARM.extab* .gnu.linkonce.armextab.*)
                0x000000000800329c                . = ALIGN (0x4)

.ARM            0x000000000800329c        0x8
                0x000000000800329c                . = ALIGN (0x4)
                0x000000000800329c                __exidx_start = .
 *(.ARM.exidx*)
 .ARM.exidx     0x000000000800329c        0x8 /opt/st/stm32cubeide_1.13.2/plugins/com.st.stm32cube.ide.mcu.externaltools.gnu-tools-for-stm32.11.3.rel1.linux64_1.1.1.202309131626/tools/bin/../lib/gcc/arm-none-eabi/11.3.1/thumb/v7e-m+fp/hard/libgcc.a(_udivmoddi4.o)
                0x00000000080032a4                __exidx_end = .
                0x00000000080032a4                . = ALIGN (0x4)

.rel.dyn        0x00000000080032a4        0x0
 .rel.iplt      0x00000000080032a4        0x0 /opt/st/stm32cubeide_1.13.2/plugins/com.st.stm32cube.ide.mcu.externaltools.gnu-tools-for-stm32.11.3.rel1.linux64_1.1.1.202309131626/tools/bin/../lib/gcc/arm-none-eabi/11.3.1/thumb/v7e-m+fp/hard/crtbegin.o

.preinit_array  0x00000000080032a4        0x0
                0x00000000080032a4                . = ALIGN (0x4)
                0x00000000080032a4                PROVIDE (__preinit_array_start = .)
 *(.preinit_array*)
                0x00000000080032a4                PROVIDE (__preinit_array_end = .)
                0x00000000080032a4                . = ALIGN (0x4)

.init_array     0x00000000080032a4        0x4
                0x00000000080032a4                . = ALIGN (0x4)
                0x00000000080032a4                PROVIDE (__init_array_start = .)
 *(SORT_BY_NAME(.init_array.*))
 *(.init_array*)
 .init_array    0x00000000080032a4        0x4 /opt/st/stm32cubeide_1.13.2/plugins/com.st.stm32cube.ide.mcu.externaltools.gnu-tools-for-stm32.11.3.rel1.linux64_1.1.1.202309131626/tools/bin/../lib/gcc/arm-none-eabi/11.3.1/thumb/v7e-m+fp/hard/crtbegin.o
                0x00000000080032a8                PROVIDE (__init_array_end = .)
                0x00000000080032a8                . = ALIGN (0x4)

.fini_array     0x00000000080032a8        0x4
                0x00000000080032a8                . = ALIGN (0x4)
                [!provide]                        PROVIDE (__fini_array_start = .)
 *(SORT_BY_NAME(.fini_array.*))
 *(.fini_array*)
 .fini_array    0x00000000080032a8        0x4 /opt/st/stm32cubeide_1.13.2/plugins/com.st.stm32cube.ide.mcu.externaltools.gnu-tools-for-stm32.11.3.rel1.linux64_1.1.1.202309131626/tools/bin/../lib/gcc/arm-none-eabi/11.3.1/thumb/v7e-m+fp/hard/crtbegin.o
                [!provide]                        PROVIDE (__fini_array_end = .)
                0x00000000080032ac                . = ALIGN (0x4)
                0x00000000080032ac                _sidata = LOADADDR (.data)

.data           0x0000000020000000       0x5c load address 0x00000000080032ac
                0x0000000020000000                . = ALIGN (0x4)
                0x0000000020000000                _sdata = .
 *(.data)
 *(.data*)
 .data.SystemCoreClock
                0x0000000020000000        0x4 ./Core/Src/system_stm32f4xx.o
                0x0000000020000000                SystemCoreClock
 .data.uwTickPrio
                0x0000000020000004        0x4 ./Drivers/STM32F4xx_HAL_Driver/Src/stm32f4xx_hal.o
                0x0000000020000004                uwTickPrio
 .data.uwTickFreq
                0x0000000020000008        0x1 ./Drivers/STM32F4xx_HAL_Driver/Src/stm32f4xx_hal.o
                0x0000000020000008                uwTickFreq
 *fill*         0x0000000020000009        0x3 
 .data._impure_data
                0x000000002000000c       0x4c /opt/st/stm32cubeide_1.13.2/plugins/com.st.stm32cube.ide.mcu.externaltools.gnu-tools-for-stm32.11.3.rel1.linux64_1.1.1.202309131626/tools/bin/../lib/gcc/arm-none-eabi/11.3.1/../../../../arm-none-eabi/lib/thumb/v7e-m+fp/hard/libc_nano.a(libc_a-impure.o)
                0x000000002000000c                _impure_data
 .data._impure_ptr
                0x0000000020000058        0x4 /opt/st/stm32cubeide_1.13.2/plugins/com.st.stm32cube.ide.mcu.externaltools.gnu-tools-for-stm32.11.3.rel1.linux64_1.1.1.202309131626/tools/bin/../lib/gcc/arm-none-eabi/11.3.1/../../../../arm-none-eabi/lib/thumb/v7e-m+fp/hard/libc_nano.a(libc_a-impure.o)
                0x0000000020000058                _impure_ptr
 *(.RamFunc)
 *(.RamFunc*)
                0x000000002000005c                . = ALIGN (0x4)
                0x000000002000005c                _edata = .
                0x0000000008003308                _siccmram = LOADADDR (.ccmram)

.igot.plt       0x000000002000005c        0x0 load address 0x0000000008003308
 .igot.plt      0x000000002000005c        0x0 /opt/st/stm32cubeide_1.13.2/plugins/com.st.stm32cube.ide.mcu.externaltools.gnu-tools-for-stm32.11.3.rel1.linux64_1.1.1.202309131626/tools/bin/../lib/gcc/arm-none-eabi/11.3.1/thumb/v7e-m+fp/hard/crtbegin.o

.ccmram         0x0000000010000000        0x0 load address 0x0000000008003308
                0x0000000010000000                . = ALIGN (0x4)
                0x0000000010000000                _sccmram = .
 *(.ccmram)
 *(.ccmram*)
                0x0000000010000000                . = ALIGN (0x4)
                0x0000000010000000                _eccmram = .
                0x0000000010000000                . = ALIGN (0x4)

.bss            0x000000002000005c      0x1f8
                0x000000002000005c                _sbss = .
                0x000000002000005c                __bss_start__ = _sbss
 *(.bss)
 .bss           0x000000002000005c       0x1c /opt/st/stm32cubeide_1.13.2/plugins/com.st.stm32cube.ide.mcu.externaltools.gnu-tools-for-stm32.11.3.rel1.linux64_1.1.1.202309131626/tools/bin/../lib/gcc/arm-none-eabi/11.3.1/thumb/v7e-m+fp/hard/crtbegin.o
 *(.bss*)
 .bss.hadc1     0x0000000020000078       0x48 ./Core/Src/main.o
                0x0000000020000078                hadc1
 .bss.huart2    0x00000000200000c0       0x44 ./Core/Src/main.o
                0x00000000200000c0                huart2
 .bss.__sbrk_heap_end
                0x0000000020000104        0x4 ./Core/Src/sysmem.o
 .bss.uwTick    0x0000000020000108        0x4 ./Drivers/STM32F4xx_HAL_Driver/Src/stm32f4xx_hal.o
                0x0000000020000108                uwTick
 .bss.__sf      0x000000002000010c      0x138 /opt/st/stm32cubeide_1.13.2/plugins/com.st.stm32cube.ide.mcu.externaltools.gnu-tools-for-stm32.11.3.rel1.linux64_1.1.1.202309131626/tools/bin/../lib/gcc/arm-none-eabi/11.3.1/../../../../arm-none-eabi/lib/thumb/v7e-m+fp/hard/libc_nano.a(libc_a-findfp.o)
                0x000000002000010c                __sf
 .bss.errno     0x0000000020000244        0x4 /opt/st/stm32cubeide_1.13.2/plugins/com.st.stm32cube.ide.mcu.externaltools.gnu-tools-for-stm32.11.3.rel1.linux64_1.1.1.202309131626/tools/bin/../lib/gcc/arm-none-eabi/11.3.1/../../../../arm-none-eabi/lib/thumb/v7e-m+fp/hard/libc_nano.a(libc_a-reent.o)
                0x0000000020000244                errno
 .bss.__lock___malloc_recursive_mutex
                0x0000000020000248        0x1 /opt/st/stm32cubeide_1.13.2/plugins/com.st.stm32cube.ide.mcu.externaltools.gnu-tools-for-stm32.11.3.rel1.linux64_1.1.1.202309131626/tools/bin/../lib/gcc/arm-none-eabi/11.3.1/../../../../arm-none-eabi/lib/thumb/v7e-m+fp/hard/libc_nano.a(libc_a-lock.o)
                0x0000000020000248                __lock___malloc_recursive_mutex
 *fill*         0x0000000020000249        0x3 
 .bss.__malloc_free_list
                0x000000002000024c        0x4 /opt/st/stm32cubeide_1.13.2/plugins/com.st.stm32cube.ide.mcu.externaltools.gnu-tools-for-stm32.11.3.rel1.linux64_1.1.1.202309131626/tools/bin/../lib/gcc/arm-none-eabi/11.3.1/../../../../arm-none-eabi/lib/thumb/v7e-m+fp/hard/libc_nano.a(libc_a-mallocr.o)
                0x000000002000024c                __malloc_free_list
 .bss.__malloc_sbrk_start
                0x0000000020000250        0x4 /opt/st/stm32cubeide_1.13.2/plugins/com.st.stm32cube.ide.mcu.externaltools.gnu-tools-for-stm32.11.3.rel1.linux64_1.1.1.202309131626/tools/bin/../lib/gcc/arm-none-eabi/11.3.1/../../../../arm-none-eabi/lib/thumb/v7e-m+fp/hard/libc_nano.a(libc_a-mallocr.o)
                0x0000000020000250                __malloc_sbrk_start
 *(COMMON)
                0x0000000020000254                . = ALIGN (0x4)
                0x0000000020000254                _ebss = .
                0x0000000020000254                __bss_end__ = _ebss

._user_heap_stack
                0x0000000020000254      0x604
                0x0000000020000258                . = ALIGN (0x8)
 *fill*         0x0000000020000254        0x4 
                [!provide]                        PROVIDE (end = .)
                0x0000000020000258                PROVIDE (_end = .)
                0x0000000020000458                . = (. + _Min_Heap_Size)
 *fill*         0x0000000020000258      0x200 
                0x0000000020000858                . = (. + _Min_Stack_Size)
 *fill*         0x0000000020000458      0x400 
                0x0000000020000858                . = ALIGN (0x8)

/DISCARD/
 libc.a(*)
 libm.a(*)
 libgcc.a(*)

.ARM.attributes
                0x0000000000000000       0x30
 *(.ARM.attributes)
 .ARM.attributes
                0x0000000000000000       0x1e /opt/st/stm32cubeide_1.13.2/plugins/com.st.stm32cube.ide.mcu.externaltools.gnu-tools-for-stm32.11.3.rel1.linux64_1.1.1.202309131626/tools/bin/../lib/gcc/arm-none-eabi/11.3.1/thumb/v7e-m+fp/hard/crti.o
 .ARM.attributes
                0x000000000000001e       0x34 /opt/st/stm32cubeide_1.13.2/plugins/com.st.stm32cube.ide.mcu.externaltools.gnu-tools-for-stm32.11.3.rel1.linux64_1.1.1.202309131626/tools/bin/../lib/gcc/arm-none-eabi/11.3.1/thumb/v7e-m+fp/hard/crtbegin.o
 .ARM.attributes
                0x0000000000000052       0x34 ./Core/Src/main.o
 .ARM.attributes
                0x0000000000000086       0x34 ./Core/Src/stm32f4xx_hal_msp.o
 .ARM.attributes
                0x00000000000000ba       0x34 ./Core/Src/stm32f4xx_it.o
 .ARM.attributes
                0x00000000000000ee       0x34 ./Core/Src/sysmem.o
 .ARM.attributes
                0x0000000000000122       0x34 ./Core/Src/system_stm32f4xx.o
 .ARM.attributes
                0x0000000000000156       0x21 ./Core/Startup/startup_stm32f407vgtx.o
 .ARM.attributes
                0x0000000000000177       0x34 ./Drivers/STM32F4xx_HAL_Driver/Src/stm32f4xx_hal.o
 .ARM.attributes
                0x00000000000001ab       0x34 ./Drivers/STM32F4xx_HAL_Driver/Src/stm32f4xx_hal_adc.o
 .ARM.attributes
                0x00000000000001df       0x34 ./Drivers/STM32F4xx_HAL_Driver/Src/stm32f4xx_hal_cortex.o
 .ARM.attributes
                0x0000000000000213       0x34 ./Drivers/STM32F4xx_HAL_Driver/Src/stm32f4xx_hal_gpio.o
 .ARM.attributes
                0x0000000000000247       0x34 ./Drivers/STM32F4xx_HAL_Driver/Src/stm32f4xx_hal_rcc.o
 .ARM.attributes
                0x000000000000027b       0x34 ./Drivers/STM32F4xx_HAL_Driver/Src/stm32f4xx_hal_uart.o
 .ARM.attributes
                0x00000000000002af       0x34 /opt/st/stm32cubeide_1.13.2/plugins/com.st.stm32cube.ide.mcu.externaltools.gnu-tools-for-stm32.11.3.rel1.linux64_1.1.1.202309131626/tools/bin/../lib/gcc/arm-none-eabi/11.3.1/../../../../arm-none-eabi/lib/thumb/v7e-m+fp/hard/libc_nano.a(libc_a-findfp.o)
 .ARM.attributes
                0x00000000000002e3       0x34 /opt/st/stm32cubeide_1.13.2/plugins/com.st.stm32cube.ide.mcu.externaltools.gnu-tools-for-stm32.11.3.rel1.linux64_1.1.1.202309131626/tools/bin/../lib/gcc/arm-none-eabi/11.3.1/../../../../arm-none-eabi/lib/thumb/v7e-m+fp/hard/libc_nano.a(libc_a-sprintf.o)
 .ARM.attributes
                0x0000000000000317       0x34 /opt/st/stm32cubeide_1.13.2/plugins/com.st.stm32cube.ide.mcu.externaltools.gnu-tools-for-stm32.11.3.rel1.linux64_1.1.1.202309131626/tools/bin/../lib/gcc/arm-none-eabi/11.3.1/../../../../arm-none-eabi/lib/thumb/v7e-m+fp/hard/libc_nano.a(libc_a-memset.o)
 .ARM.attributes
                0x000000000000034b       0x34 /opt/st/stm32cubeide_1.13.2/plugins/com.st.stm32cube.ide.mcu.externaltools.gnu-tools-for-stm32.11.3.rel1.linux64_1.1.1.202309131626/tools/bin/../lib/gcc/arm-none-eabi/11.3.1/../../../../arm-none-eabi/lib/thumb/v7e-m+fp/hard/libc_nano.a(libc_a-reent.o)
 .ARM.attributes
                0x000000000000037f       0x34 /opt/st/stm32cubeide_1.13.2/plugins/com.st.stm32cube.ide.mcu.externaltools.gnu-tools-for-stm32.11.3.rel1.linux64_1.1.1.202309131626/tools/bin/../lib/gcc/arm-none-eabi/11.3.1/../../../../arm-none-eabi/lib/thumb/v7e-m+fp/hard/libc_nano.a(libc_a-impure.o)
 .ARM.attributes
                0x00000000000003b3       0x34 /opt/st/stm32cubeide_1.13.2/plugins/com.st.stm32cube.ide.mcu.externaltools.gnu-tools-for-stm32.11.3.rel1.linux64_1.1.1.202309131626/tools/bin/../lib/gcc/arm-none-eabi/11.3.1/../../../../arm-none-eabi/lib/thumb/v7e-m+fp/hard/libc_nano.a(libc_a-errno.o)
 .ARM.attributes
                0x00000000000003e7       0x34 /opt/st/stm32cubeide_1.13.2/plugins/com.st.stm32cube.ide.mcu.externaltools.gnu-tools-for-stm32.11.3.rel1.linux64_1.1.1.202309131626/tools/bin/../lib/gcc/arm-none-eabi/11.3.1/../../../../arm-none-eabi/lib/thumb/v7e-m+fp/hard/libc_nano.a(libc_a-init.o)
 .ARM.attributes
                0x000000000000041b       0x34 /opt/st/stm32cubeide_1.13.2/plugins/com.st.stm32cube.ide.mcu.externaltools.gnu-tools-for-stm32.11.3.rel1.linux64_1.1.1.202309131626/tools/bin/../lib/gcc/arm-none-eabi/11.3.1/../../../../arm-none-eabi/lib/thumb/v7e-m+fp/hard/libc_nano.a(libc_a-lock.o)
 .ARM.attributes
                0x000000000000044f       0x34 /opt/st/stm32cubeide_1.13.2/plugins/com.st.stm32cube.ide.mcu.externaltools.gnu-tools-for-stm32.11.3.rel1.linux64_1.1.1.202309131626/tools/bin/../lib/gcc/arm-none-eabi/11.3.1/../../../../arm-none-eabi/lib/thumb/v7e-m+fp/hard/libc_nano.a(libc_a-freer.o)
 .ARM.attributes
                0x0000000000000483       0x34 /opt/st/stm32cubeide_1.13.2/plugins/com.st.stm32cube.ide.mcu.externaltools.gnu-tools-for-stm32.11.3.rel1.linux64_1.1.1.202309131626/tools/bin/../lib/gcc/arm-none-eabi/11.3.1/../../../../arm-none-eabi/lib/thumb/v7e-m+fp/hard/libc_nano.a(libc_a-mallocr.o)
 .ARM.attributes
                0x00000000000004b7       0x34 /opt/st/stm32cubeide_1.13.2/plugins/com.st.stm32cube.ide.mcu.externaltools.gnu-tools-for-stm32.11.3.rel1.linux64_1.1.1.202309131626/tools/bin/../lib/gcc/arm-none-eabi/11.3.1/../../../../arm-none-eabi/lib/thumb/v7e-m+fp/hard/libc_nano.a(libc_a-mlock.o)
 .ARM.attributes
                0x00000000000004eb       0x34 /opt/st/stm32cubeide_1.13.2/plugins/com.st.stm32cube.ide.mcu.externaltools.gnu-tools-for-stm32.11.3.rel1.linux64_1.1.1.202309131626/tools/bin/../lib/gcc/arm-none-eabi/11.3.1/../../../../arm-none-eabi/lib/thumb/v7e-m+fp/hard/libc_nano.a(libc_a-nano-svfprintf.o)
 .ARM.attributes
                0x000000000000051f       0x34 /opt/st/stm32cubeide_1.13.2/plugins/com.st.stm32cube.ide.mcu.externaltools.gnu-tools-for-stm32.11.3.rel1.linux64_1.1.1.202309131626/tools/bin/../lib/gcc/arm-none-eabi/11.3.1/../../../../arm-none-eabi/lib/thumb/v7e-m+fp/hard/libc_nano.a(libc_a-nano-vfprintf_i.o)
 .ARM.attributes
                0x0000000000000553       0x34 /opt/st/stm32cubeide_1.13.2/plugins/com.st.stm32cube.ide.mcu.externaltools.gnu-tools-for-stm32.11.3.rel1.linux64_1.1.1.202309131626/tools/bin/../lib/gcc/arm-none-eabi/11.3.1/../../../../arm-none-eabi/lib/thumb/v7e-m+fp/hard/libc_nano.a(libc_a-memmove.o)
 .ARM.attributes
                0x0000000000000587       0x34 /opt/st/stm32cubeide_1.13.2/plugins/com.st.stm32cube.ide.mcu.externaltools.gnu-tools-for-stm32.11.3.rel1.linux64_1.1.1.202309131626/tools/bin/../lib/gcc/arm-none-eabi/11.3.1/../../../../arm-none-eabi/lib/thumb/v7e-m+fp/hard/libc_nano.a(libc_a-sbrkr.o)
 .ARM.attributes
                0x00000000000005bb       0x1c /opt/st/stm32cubeide_1.13.2/plugins/com.st.stm32cube.ide.mcu.externaltools.gnu-tools-for-stm32.11.3.rel1.linux64_1.1.1.202309131626/tools/bin/../lib/gcc/arm-none-eabi/11.3.1/../../../../arm-none-eabi/lib/thumb/v7e-m+fp/hard/libc_nano.a(libc_a-memchr.o)
 .ARM.attributes
                0x00000000000005d7       0x34 /opt/st/stm32cubeide_1.13.2/plugins/com.st.stm32cube.ide.mcu.externaltools.gnu-tools-for-stm32.11.3.rel1.linux64_1.1.1.202309131626/tools/bin/../lib/gcc/arm-none-eabi/11.3.1/../../../../arm-none-eabi/lib/thumb/v7e-m+fp/hard/libc_nano.a(libc_a-memcpy-stub.o)
 .ARM.attributes
                0x000000000000060b       0x34 /opt/st/stm32cubeide_1.13.2/plugins/com.st.stm32cube.ide.mcu.externaltools.gnu-tools-for-stm32.11.3.rel1.linux64_1.1.1.202309131626/tools/bin/../lib/gcc/arm-none-eabi/11.3.1/../../../../arm-none-eabi/lib/thumb/v7e-m+fp/hard/libc_nano.a(libc_a-reallocr.o)
 .ARM.attributes
                0x000000000000063f       0x34 /opt/st/stm32cubeide_1.13.2/plugins/com.st.stm32cube.ide.mcu.externaltools.gnu-tools-for-stm32.11.3.rel1.linux64_1.1.1.202309131626/tools/bin/../lib/gcc/arm-none-eabi/11.3.1/../../../../arm-none-eabi/lib/thumb/v7e-m+fp/hard/libc_nano.a(libc_a-msizer.o)
 .ARM.attributes
                0x0000000000000673       0x1e /opt/st/stm32cubeide_1.13.2/plugins/com.st.stm32cube.ide.mcu.externaltools.gnu-tools-for-stm32.11.3.rel1.linux64_1.1.1.202309131626/tools/bin/../lib/gcc/arm-none-eabi/11.3.1/thumb/v7e-m+fp/hard/libgcc.a(_aeabi_uldivmod.o)
 .ARM.attributes
                0x0000000000000691       0x34 /opt/st/stm32cubeide_1.13.2/plugins/com.st.stm32cube.ide.mcu.externaltools.gnu-tools-for-stm32.11.3.rel1.linux64_1.1.1.202309131626/tools/bin/../lib/gcc/arm-none-eabi/11.3.1/thumb/v7e-m+fp/hard/libgcc.a(_udivmoddi4.o)
 .ARM.attributes
                0x00000000000006c5       0x1e /opt/st/stm32cubeide_1.13.2/plugins/com.st.stm32cube.ide.mcu.externaltools.gnu-tools-for-stm32.11.3.rel1.linux64_1.1.1.202309131626/tools/bin/../lib/gcc/arm-none-eabi/11.3.1/thumb/v7e-m+fp/hard/libgcc.a(_dvmd_tls.o)
 .ARM.attributes
                0x00000000000006e3       0x1e /opt/st/stm32cubeide_1.13.2/plugins/com.st.stm32cube.ide.mcu.externaltools.gnu-tools-for-stm32.11.3.rel1.linux64_1.1.1.202309131626/tools/bin/../lib/gcc/arm-none-eabi/11.3.1/thumb/v7e-m+fp/hard/crtn.o
OUTPUT(IR_Sensor.elf elf32-littlearm)
LOAD linker stubs
LOAD /opt/st/stm32cubeide_1.13.2/plugins/com.st.stm32cube.ide.mcu.externaltools.gnu-tools-for-stm32.11.3.rel1.linux64_1.1.1.202309131626/tools/bin/../lib/gcc/arm-none-eabi/11.3.1/../../../../arm-none-eabi/lib/thumb/v7e-m+fp/hard/libc.a
LOAD /opt/st/stm32cubeide_1.13.2/plugins/com.st.stm32cube.ide.mcu.externaltools.gnu-tools-for-stm32.11.3.rel1.linux64_1.1.1.202309131626/tools/bin/../lib/gcc/arm-none-eabi/11.3.1/../../../../arm-none-eabi/lib/thumb/v7e-m+fp/hard/libm.a
LOAD /opt/st/stm32cubeide_1.13.2/plugins/com.st.stm32cube.ide.mcu.externaltools.gnu-tools-for-stm32.11.3.rel1.linux64_1.1.1.202309131626/tools/bin/../lib/gcc/arm-none-eabi/11.3.1/thumb/v7e-m+fp/hard/libgcc.a

.comment        0x0000000000000000       0x43
 .comment       0x0000000000000000       0x43 /opt/st/stm32cubeide_1.13.2/plugins/com.st.stm32cube.ide.mcu.externaltools.gnu-tools-for-stm32.11.3.rel1.linux64_1.1.1.202309131626/tools/bin/../lib/gcc/arm-none-eabi/11.3.1/thumb/v7e-m+fp/hard/crtbegin.o
                                         0x44 (size before relaxing)
 .comment       0x0000000000000043       0x44 ./Core/Src/main.o
 .comment       0x0000000000000043       0x44 ./Core/Src/stm32f4xx_hal_msp.o
 .comment       0x0000000000000043       0x44 ./Core/Src/stm32f4xx_it.o
 .comment       0x0000000000000043       0x44 ./Core/Src/sysmem.o
 .comment       0x0000000000000043       0x44 ./Core/Src/system_stm32f4xx.o
 .comment       0x0000000000000043       0x44 ./Drivers/STM32F4xx_HAL_Driver/Src/stm32f4xx_hal.o
 .comment       0x0000000000000043       0x44 ./Drivers/STM32F4xx_HAL_Driver/Src/stm32f4xx_hal_adc.o
 .comment       0x0000000000000043       0x44 ./Drivers/STM32F4xx_HAL_Driver/Src/stm32f4xx_hal_cortex.o
 .comment       0x0000000000000043       0x44 ./Drivers/STM32F4xx_HAL_Driver/Src/stm32f4xx_hal_gpio.o
 .comment       0x0000000000000043       0x44 ./Drivers/STM32F4xx_HAL_Driver/Src/stm32f4xx_hal_rcc.o
 .comment       0x0000000000000043       0x44 ./Drivers/STM32F4xx_HAL_Driver/Src/stm32f4xx_hal_uart.o

.debug_info     0x0000000000000000     0x83f4
 .debug_info    0x0000000000000000      0xdfe ./Core/Src/main.o
 .debug_info    0x0000000000000dfe      0xbb9 ./Core/Src/stm32f4xx_hal_msp.o
 .debug_info    0x00000000000019b7      0x112 ./Core/Src/stm32f4xx_it.o
 .debug_info    0x0000000000001ac9      0x168 ./Core/Src/sysmem.o
 .debug_info    0x0000000000001c31      0x512 ./Core/Src/system_stm32f4xx.o
 .debug_info    0x0000000000002143       0x23 ./Core/Startup/startup_stm32f407vgtx.o
 .debug_info    0x0000000000002166      0x948 ./Drivers/STM32F4xx_HAL_Driver/Src/stm32f4xx_hal.o
 .debug_info    0x0000000000002aae      0xcd4 ./Drivers/STM32F4xx_HAL_Driver/Src/stm32f4xx_hal_adc.o
 .debug_info    0x0000000000003782      0xd46 ./Drivers/STM32F4xx_HAL_Driver/Src/stm32f4xx_hal_cortex.o
 .debug_info    0x00000000000044c8      0x6c3 ./Drivers/STM32F4xx_HAL_Driver/Src/stm32f4xx_hal_gpio.o
 .debug_info    0x0000000000004b8b      0x8b1 ./Drivers/STM32F4xx_HAL_Driver/Src/stm32f4xx_hal_rcc.o
 .debug_info    0x000000000000543c     0x2fb8 ./Drivers/STM32F4xx_HAL_Driver/Src/stm32f4xx_hal_uart.o

.debug_abbrev   0x0000000000000000     0x15c2
 .debug_abbrev  0x0000000000000000      0x296 ./Core/Src/main.o
 .debug_abbrev  0x0000000000000296      0x1ad ./Core/Src/stm32f4xx_hal_msp.o
 .debug_abbrev  0x0000000000000443       0x73 ./Core/Src/stm32f4xx_it.o
 .debug_abbrev  0x00000000000004b6       0xbc ./Core/Src/sysmem.o
 .debug_abbrev  0x0000000000000572      0x11a ./Core/Src/system_stm32f4xx.o
 .debug_abbrev  0x000000000000068c       0x12 ./Core/Startup/startup_stm32f407vgtx.o
 .debug_abbrev  0x000000000000069e      0x213 ./Drivers/STM32F4xx_HAL_Driver/Src/stm32f4xx_hal.o
 .debug_abbrev  0x00000000000008b1      0x252 ./Drivers/STM32F4xx_HAL_Driver/Src/stm32f4xx_hal_adc.o
 .debug_abbrev  0x0000000000000b03      0x327 ./Drivers/STM32F4xx_HAL_Driver/Src/stm32f4xx_hal_cortex.o
 .debug_abbrev  0x0000000000000e2a      0x1d4 ./Drivers/STM32F4xx_HAL_Driver/Src/stm32f4xx_hal_gpio.o
 .debug_abbrev  0x0000000000000ffe      0x2b6 ./Drivers/STM32F4xx_HAL_Driver/Src/stm32f4xx_hal_rcc.o
 .debug_abbrev  0x00000000000012b4      0x30e ./Drivers/STM32F4xx_HAL_Driver/Src/stm32f4xx_hal_uart.o

.debug_aranges  0x0000000000000000      0x728
 .debug_aranges
                0x0000000000000000       0x48 ./Core/Src/main.o
 .debug_aranges
                0x0000000000000048       0x40 ./Core/Src/stm32f4xx_hal_msp.o
 .debug_aranges
                0x0000000000000088       0x60 ./Core/Src/stm32f4xx_it.o
 .debug_aranges
                0x00000000000000e8       0x20 ./Core/Src/sysmem.o
 .debug_aranges
                0x0000000000000108       0x28 ./Core/Src/system_stm32f4xx.o
 .debug_aranges
                0x0000000000000130       0x28 ./Core/Startup/startup_stm32f407vgtx.o
 .debug_aranges
                0x0000000000000158       0xf0 ./Drivers/STM32F4xx_HAL_Driver/Src/stm32f4xx_hal.o
 .debug_aranges
                0x0000000000000248       0xe8 ./Drivers/STM32F4xx_HAL_Driver/Src/stm32f4xx_hal_adc.o
 .debug_aranges
                0x0000000000000330      0x118 ./Drivers/STM32F4xx_HAL_Driver/Src/stm32f4xx_hal_cortex.o
 .debug_aranges
                0x0000000000000448       0x58 ./Drivers/STM32F4xx_HAL_Driver/Src/stm32f4xx_hal_gpio.o
 .debug_aranges
                0x00000000000004a0       0x88 ./Drivers/STM32F4xx_HAL_Driver/Src/stm32f4xx_hal_rcc.o
 .debug_aranges
                0x0000000000000528      0x200 ./Drivers/STM32F4xx_HAL_Driver/Src/stm32f4xx_hal_uart.o

.debug_rnglists
                0x0000000000000000      0x577
 .debug_rnglists
                0x0000000000000000       0x33 ./Core/Src/main.o
 .debug_rnglists
                0x0000000000000033       0x2d ./Core/Src/stm32f4xx_hal_msp.o
 .debug_rnglists
                0x0000000000000060       0x43 ./Core/Src/stm32f4xx_it.o
 .debug_rnglists
                0x00000000000000a3       0x13 ./Core/Src/sysmem.o
 .debug_rnglists
                0x00000000000000b6       0x1a ./Core/Src/system_stm32f4xx.o
 .debug_rnglists
                0x00000000000000d0       0x19 ./Core/Startup/startup_stm32f407vgtx.o
 .debug_rnglists
                0x00000000000000e9       0xaf ./Drivers/STM32F4xx_HAL_Driver/Src/stm32f4xx_hal.o
 .debug_rnglists
                0x0000000000000198       0xb5 ./Drivers/STM32F4xx_HAL_Driver/Src/stm32f4xx_hal_adc.o
 .debug_rnglists
                0x000000000000024d       0xce ./Drivers/STM32F4xx_HAL_Driver/Src/stm32f4xx_hal_cortex.o
 .debug_rnglists
                0x000000000000031b       0x3f ./Drivers/STM32F4xx_HAL_Driver/Src/stm32f4xx_hal_gpio.o
 .debug_rnglists
                0x000000000000035a       0x66 ./Drivers/STM32F4xx_HAL_Driver/Src/stm32f4xx_hal_rcc.o
 .debug_rnglists
                0x00000000000003c0      0x1b7 ./Drivers/STM32F4xx_HAL_Driver/Src/stm32f4xx_hal_uart.o

.debug_macro    0x0000000000000000    0x21418
 .debug_macro   0x0000000000000000      0x2c4 ./Core/Src/main.o
 .debug_macro   0x00000000000002c4      0xaa8 ./Core/Src/main.o
 .debug_macro   0x0000000000000d6c      0x29b ./Core/Src/main.o
 .debug_macro   0x0000000000001007       0x2e ./Core/Src/main.o
 .debug_macro   0x0000000000001035       0x2f ./Core/Src/main.o
 .debug_macro   0x0000000000001064       0x22 ./Core/Src/main.o
 .debug_macro   0x0000000000001086       0x8e ./Core/Src/main.o
 .debug_macro   0x0000000000001114       0x51 ./Core/Src/main.o
 .debug_macro   0x0000000000001165      0x103 ./Core/Src/main.o
 .debug_macro   0x0000000000001268       0x6a ./Core/Src/main.o
 .debug_macro   0x00000000000012d2      0x1df ./Core/Src/main.o
 .debug_macro   0x00000000000014b1       0x1c ./Core/Src/main.o
 .debug_macro   0x00000000000014cd       0x22 ./Core/Src/main.o
 .debug_macro   0x00000000000014ef       0xd9 ./Core/Src/main.o
 .debug_macro   0x00000000000015c8     0x102d ./Core/Src/main.o
 .debug_macro   0x00000000000025f5      0x11f ./Core/Src/main.o
 .debug_macro   0x0000000000002714    0x15e82 ./Core/Src/main.o
 .debug_macro   0x0000000000018596       0x6d ./Core/Src/main.o
 .debug_macro   0x0000000000018603     0x367e ./Core/Src/main.o
 .debug_macro   0x000000000001bc81      0x174 ./Core/Src/main.o
 .debug_macro   0x000000000001bdf5       0x5c ./Core/Src/main.o
 .debug_macro   0x000000000001be51      0x96b ./Core/Src/main.o
 .debug_macro   0x000000000001c7bc      0x9fe ./Core/Src/main.o
 .debug_macro   0x000000000001d1ba      0x115 ./Core/Src/main.o
 .debug_macro   0x000000000001d2cf      0x13e ./Core/Src/main.o
 .debug_macro   0x000000000001d40d       0xa5 ./Core/Src/main.o
 .debug_macro   0x000000000001d4b2      0x174 ./Core/Src/main.o
 .debug_macro   0x000000000001d626      0x287 ./Core/Src/main.o
 .debug_macro   0x000000000001d8ad       0x5f ./Core/Src/main.o
 .debug_macro   0x000000000001d90c      0x236 ./Core/Src/main.o
 .debug_macro   0x000000000001db42      0xb5b ./Core/Src/main.o
 .debug_macro   0x000000000001e69d      0x38b ./Core/Src/main.o
 .debug_macro   0x000000000001ea28      0x176 ./Core/Src/main.o
 .debug_macro   0x000000000001eb9e       0xf9 ./Core/Src/main.o
 .debug_macro   0x000000000001ec97      0x12c ./Core/Src/main.o
 .debug_macro   0x000000000001edc3      0x21e ./Core/Src/main.o
 .debug_macro   0x000000000001efe1       0x2e ./Core/Src/main.o
 .debug_macro   0x000000000001f00f      0x11a ./Core/Src/main.o
 .debug_macro   0x000000000001f129       0x7e ./Core/Src/main.o
 .debug_macro   0x000000000001f1a7       0x89 ./Core/Src/main.o
 .debug_macro   0x000000000001f230      0x295 ./Core/Src/main.o
 .debug_macro   0x000000000001f4c5      0x12d ./Core/Src/main.o
 .debug_macro   0x000000000001f5f2       0x61 ./Core/Src/main.o
 .debug_macro   0x000000000001f653       0x2a ./Core/Src/main.o
 .debug_macro   0x000000000001f67d       0x43 ./Core/Src/main.o
 .debug_macro   0x000000000001f6c0       0x34 ./Core/Src/main.o
 .debug_macro   0x000000000001f6f4       0x16 ./Core/Src/main.o
 .debug_macro   0x000000000001f70a       0x35 ./Core/Src/main.o
 .debug_macro   0x000000000001f73f      0x369 ./Core/Src/main.o
 .debug_macro   0x000000000001faa8       0x10 ./Core/Src/main.o
 .debug_macro   0x000000000001fab8       0x16 ./Core/Src/main.o
 .debug_macro   0x000000000001face       0x43 ./Core/Src/main.o
 .debug_macro   0x000000000001fb11       0x34 ./Core/Src/main.o
 .debug_macro   0x000000000001fb45       0x10 ./Core/Src/main.o
 .debug_macro   0x000000000001fb55       0x58 ./Core/Src/main.o
 .debug_macro   0x000000000001fbad       0x8e ./Core/Src/main.o
 .debug_macro   0x000000000001fc3b       0x1c ./Core/Src/main.o
 .debug_macro   0x000000000001fc57      0x177 ./Core/Src/main.o
 .debug_macro   0x000000000001fdce       0x16 ./Core/Src/main.o
 .debug_macro   0x000000000001fde4       0x16 ./Core/Src/main.o
 .debug_macro   0x000000000001fdfa      0x147 ./Core/Src/main.o
 .debug_macro   0x000000000001ff41      0x1ec ./Core/Src/stm32f4xx_hal_msp.o
 .debug_macro   0x000000000002012d      0x1f6 ./Core/Src/stm32f4xx_it.o
 .debug_macro   0x0000000000020323       0xff ./Core/Src/sysmem.o
 .debug_macro   0x0000000000020422      0x23c ./Core/Src/sysmem.o
 .debug_macro   0x000000000002065e      0x1e2 ./Core/Src/system_stm32f4xx.o
 .debug_macro   0x0000000000020840      0x242 ./Drivers/STM32F4xx_HAL_Driver/Src/stm32f4xx_hal.o
 .debug_macro   0x0000000000020a82      0x1e3 ./Drivers/STM32F4xx_HAL_Driver/Src/stm32f4xx_hal_adc.o
 .debug_macro   0x0000000000020c65      0x1e2 ./Drivers/STM32F4xx_HAL_Driver/Src/stm32f4xx_hal_cortex.o
 .debug_macro   0x0000000000020e47      0x1e8 ./Drivers/STM32F4xx_HAL_Driver/Src/stm32f4xx_hal_gpio.o
 .debug_macro   0x000000000002102f      0x206 ./Drivers/STM32F4xx_HAL_Driver/Src/stm32f4xx_hal_rcc.o
 .debug_macro   0x0000000000021235      0x1e3 ./Drivers/STM32F4xx_HAL_Driver/Src/stm32f4xx_hal_uart.o

.debug_line     0x0000000000000000     0x8de9
 .debug_line    0x0000000000000000      0x928 ./Core/Src/main.o
 .debug_line    0x0000000000000928      0x736 ./Core/Src/stm32f4xx_hal_msp.o
 .debug_line    0x000000000000105e      0x764 ./Core/Src/stm32f4xx_it.o
 .debug_line    0x00000000000017c2      0x4ae ./Core/Src/sysmem.o
 .debug_line    0x0000000000001c70      0x723 ./Core/Src/system_stm32f4xx.o
 .debug_line    0x0000000000002393       0x7a ./Core/Startup/startup_stm32f407vgtx.o
 .debug_line    0x000000000000240d      0x989 ./Drivers/STM32F4xx_HAL_Driver/Src/stm32f4xx_hal.o
 .debug_line    0x0000000000002d96     0x11f3 ./Drivers/STM32F4xx_HAL_Driver/Src/stm32f4xx_hal_adc.o
 .debug_line    0x0000000000003f89      0xc38 ./Drivers/STM32F4xx_HAL_Driver/Src/stm32f4xx_hal_cortex.o
 .debug_line    0x0000000000004bc1      0xafd ./Drivers/STM32F4xx_HAL_Driver/Src/stm32f4xx_hal_gpio.o
 .debug_line    0x00000000000056be      0xd00 ./Drivers/STM32F4xx_HAL_Driver/Src/stm32f4xx_hal_rcc.o
 .debug_line    0x00000000000063be     0x2a2b ./Drivers/STM32F4xx_HAL_Driver/Src/stm32f4xx_hal_uart.o

.debug_str      0x0000000000000000    0xcebed
 .debug_str     0x0000000000000000    0xcc9bf ./Core/Src/main.o
                                      0xcccda (size before relaxing)
 .debug_str     0x00000000000cc9bf      0x103 ./Core/Src/stm32f4xx_hal_msp.o
                                      0xc93c2 (size before relaxing)
 .debug_str     0x00000000000ccac2       0xc9 ./Core/Src/stm32f4xx_it.o
                                      0xc8ca4 (size before relaxing)
 .debug_str     0x00000000000ccb8b      0x4dc ./Core/Src/sysmem.o
                                       0x6049 (size before relaxing)
 .debug_str     0x00000000000cd067       0xdb ./Core/Src/system_stm32f4xx.o
                                      0xc8dce (size before relaxing)
 .debug_str     0x00000000000cd142       0x34 ./Core/Startup/startup_stm32f407vgtx.o
                                         0x5b (size before relaxing)
 .debug_str     0x00000000000cd176      0xafd ./Drivers/STM32F4xx_HAL_Driver/Src/stm32f4xx_hal.o
                                      0xc9952 (size before relaxing)
 .debug_str     0x00000000000cdc73      0x28a ./Drivers/STM32F4xx_HAL_Driver/Src/stm32f4xx_hal_adc.o
                                      0xc93bb (size before relaxing)
 .debug_str     0x00000000000cdefd      0x34d ./Drivers/STM32F4xx_HAL_Driver/Src/stm32f4xx_hal_cortex.o
                                      0xc9685 (size before relaxing)
 .debug_str     0x00000000000ce24a      0x15d ./Drivers/STM32F4xx_HAL_Driver/Src/stm32f4xx_hal_gpio.o
                                      0xc8f49 (size before relaxing)
 .debug_str     0x00000000000ce3a7      0x233 ./Drivers/STM32F4xx_HAL_Driver/Src/stm32f4xx_hal_rcc.o
                                      0xc9202 (size before relaxing)
 .debug_str     0x00000000000ce5da      0x613 ./Drivers/STM32F4xx_HAL_Driver/Src/stm32f4xx_hal_uart.o
                                      0xc97a1 (size before relaxing)

.debug_frame    0x0000000000000000     0x2184
 .debug_frame   0x0000000000000000       0xd4 ./Core/Src/main.o
 .debug_frame   0x00000000000000d4       0xc8 ./Core/Src/stm32f4xx_hal_msp.o
 .debug_frame   0x000000000000019c      0x104 ./Core/Src/stm32f4xx_it.o
 .debug_frame   0x00000000000002a0       0x34 ./Core/Src/sysmem.o
 .debug_frame   0x00000000000002d4       0x58 ./Core/Src/system_stm32f4xx.o
 .debug_frame   0x000000000000032c      0x374 ./Drivers/STM32F4xx_HAL_Driver/Src/stm32f4xx_hal.o
 .debug_frame   0x00000000000006a0      0x3fc ./Drivers/STM32F4xx_HAL_Driver/Src/stm32f4xx_hal_adc.o
 .debug_frame   0x0000000000000a9c      0x498 ./Drivers/STM32F4xx_HAL_Driver/Src/stm32f4xx_hal_cortex.o
 .debug_frame   0x0000000000000f34      0x14c ./Drivers/STM32F4xx_HAL_Driver/Src/stm32f4xx_hal_gpio.o
 .debug_frame   0x0000000000001080      0x1f4 ./Drivers/STM32F4xx_HAL_Driver/Src/stm32f4xx_hal_rcc.o
 .debug_frame   0x0000000000001274      0x92c ./Drivers/STM32F4xx_HAL_Driver/Src/stm32f4xx_hal_uart.o
 .debug_frame   0x0000000000001ba0      0x144 /opt/st/stm32cubeide_1.13.2/plugins/com.st.stm32cube.ide.mcu.externaltools.gnu-tools-for-stm32.11.3.rel1.linux64_1.1.1.202309131626/tools/bin/../lib/gcc/arm-none-eabi/11.3.1/../../../../arm-none-eabi/lib/thumb/v7e-m+fp/hard/libc_nano.a(libc_a-findfp.o)
 .debug_frame   0x0000000000001ce4       0x6c /opt/st/stm32cubeide_1.13.2/plugins/com.st.stm32cube.ide.mcu.externaltools.gnu-tools-for-stm32.11.3.rel1.linux64_1.1.1.202309131626/tools/bin/../lib/gcc/arm-none-eabi/11.3.1/../../../../arm-none-eabi/lib/thumb/v7e-m+fp/hard/libc_nano.a(libc_a-sprintf.o)
 .debug_frame   0x0000000000001d50       0x20 /opt/st/stm32cubeide_1.13.2/plugins/com.st.stm32cube.ide.mcu.externaltools.gnu-tools-for-stm32.11.3.rel1.linux64_1.1.1.202309131626/tools/bin/../lib/gcc/arm-none-eabi/11.3.1/../../../../arm-none-eabi/lib/thumb/v7e-m+fp/hard/libc_nano.a(libc_a-memset.o)
 .debug_frame   0x0000000000001d70       0x38 /opt/st/stm32cubeide_1.13.2/plugins/com.st.stm32cube.ide.mcu.externaltools.gnu-tools-for-stm32.11.3.rel1.linux64_1.1.1.202309131626/tools/bin/../lib/gcc/arm-none-eabi/11.3.1/../../../../arm-none-eabi/lib/thumb/v7e-m+fp/hard/libc_nano.a(libc_a-reent.o)
 .debug_frame   0x0000000000001da8       0x20 /opt/st/stm32cubeide_1.13.2/plugins/com.st.stm32cube.ide.mcu.externaltools.gnu-tools-for-stm32.11.3.rel1.linux64_1.1.1.202309131626/tools/bin/../lib/gcc/arm-none-eabi/11.3.1/../../../../arm-none-eabi/lib/thumb/v7e-m+fp/hard/libc_nano.a(libc_a-errno.o)
 .debug_frame   0x0000000000001dc8       0x2c /opt/st/stm32cubeide_1.13.2/plugins/com.st.stm32cube.ide.mcu.externaltools.gnu-tools-for-stm32.11.3.rel1.linux64_1.1.1.202309131626/tools/bin/../lib/gcc/arm-none-eabi/11.3.1/../../../../arm-none-eabi/lib/thumb/v7e-m+fp/hard/libc_nano.a(libc_a-init.o)
 .debug_frame   0x0000000000001df4       0xb0 /opt/st/stm32cubeide_1.13.2/plugins/com.st.stm32cube.ide.mcu.externaltools.gnu-tools-for-stm32.11.3.rel1.linux64_1.1.1.202309131626/tools/bin/../lib/gcc/arm-none-eabi/11.3.1/../../../../arm-none-eabi/lib/thumb/v7e-m+fp/hard/libc_nano.a(libc_a-lock.o)
 .debug_frame   0x0000000000001ea4       0x38 /opt/st/stm32cubeide_1.13.2/plugins/com.st.stm32cube.ide.mcu.externaltools.gnu-tools-for-stm32.11.3.rel1.linux64_1.1.1.202309131626/tools/bin/../lib/gcc/arm-none-eabi/11.3.1/../../../../arm-none-eabi/lib/thumb/v7e-m+fp/hard/libc_nano.a(libc_a-freer.o)
 .debug_frame   0x0000000000001edc       0x50 /opt/st/stm32cubeide_1.13.2/plugins/com.st.stm32cube.ide.mcu.externaltools.gnu-tools-for-stm32.11.3.rel1.linux64_1.1.1.202309131626/tools/bin/../lib/gcc/arm-none-eabi/11.3.1/../../../../arm-none-eabi/lib/thumb/v7e-m+fp/hard/libc_nano.a(libc_a-mallocr.o)
 .debug_frame   0x0000000000001f2c       0x30 /opt/st/stm32cubeide_1.13.2/plugins/com.st.stm32cube.ide.mcu.externaltools.gnu-tools-for-stm32.11.3.rel1.linux64_1.1.1.202309131626/tools/bin/../lib/gcc/arm-none-eabi/11.3.1/../../../../arm-none-eabi/lib/thumb/v7e-m+fp/hard/libc_nano.a(libc_a-mlock.o)
 .debug_frame   0x0000000000001f5c       0x90 /opt/st/stm32cubeide_1.13.2/plugins/com.st.stm32cube.ide.mcu.externaltools.gnu-tools-for-stm32.11.3.rel1.linux64_1.1.1.202309131626/tools/bin/../lib/gcc/arm-none-eabi/11.3.1/../../../../arm-none-eabi/lib/thumb/v7e-m+fp/hard/libc_nano.a(libc_a-nano-svfprintf.o)
 .debug_frame   0x0000000000001fec       0x60 /opt/st/stm32cubeide_1.13.2/plugins/com.st.stm32cube.ide.mcu.externaltools.gnu-tools-for-stm32.11.3.rel1.linux64_1.1.1.202309131626/tools/bin/../lib/gcc/arm-none-eabi/11.3.1/../../../../arm-none-eabi/lib/thumb/v7e-m+fp/hard/libc_nano.a(libc_a-nano-vfprintf_i.o)
 .debug_frame   0x000000000000204c       0x28 /opt/st/stm32cubeide_1.13.2/plugins/com.st.stm32cube.ide.mcu.externaltools.gnu-tools-for-stm32.11.3.rel1.linux64_1.1.1.202309131626/tools/bin/../lib/gcc/arm-none-eabi/11.3.1/../../../../arm-none-eabi/lib/thumb/v7e-m+fp/hard/libc_nano.a(libc_a-memmove.o)
 .debug_frame   0x0000000000002074       0x2c /opt/st/stm32cubeide_1.13.2/plugins/com.st.stm32cube.ide.mcu.externaltools.gnu-tools-for-stm32.11.3.rel1.linux64_1.1.1.202309131626/tools/bin/../lib/gcc/arm-none-eabi/11.3.1/../../../../arm-none-eabi/lib/thumb/v7e-m+fp/hard/libc_nano.a(libc_a-sbrkr.o)
 .debug_frame   0x00000000000020a0       0x28 /opt/st/stm32cubeide_1.13.2/plugins/com.st.stm32cube.ide.mcu.externaltools.gnu-tools-for-stm32.11.3.rel1.linux64_1.1.1.202309131626/tools/bin/../lib/gcc/arm-none-eabi/11.3.1/../../../../arm-none-eabi/lib/thumb/v7e-m+fp/hard/libc_nano.a(libc_a-memcpy-stub.o)
 .debug_frame   0x00000000000020c8       0x3c /opt/st/stm32cubeide_1.13.2/plugins/com.st.stm32cube.ide.mcu.externaltools.gnu-tools-for-stm32.11.3.rel1.linux64_1.1.1.202309131626/tools/bin/../lib/gcc/arm-none-eabi/11.3.1/../../../../arm-none-eabi/lib/thumb/v7e-m+fp/hard/libc_nano.a(libc_a-reallocr.o)
 .debug_frame   0x0000000000002104       0x20 /opt/st/stm32cubeide_1.13.2/plugins/com.st.stm32cube.ide.mcu.externaltools.gnu-tools-for-stm32.11.3.rel1.linux64_1.1.1.202309131626/tools/bin/../lib/gcc/arm-none-eabi/11.3.1/../../../../arm-none-eabi/lib/thumb/v7e-m+fp/hard/libc_nano.a(libc_a-msizer.o)
 .debug_frame   0x0000000000002124       0x2c /opt/st/stm32cubeide_1.13.2/plugins/com.st.stm32cube.ide.mcu.externaltools.gnu-tools-for-stm32.11.3.rel1.linux64_1.1.1.202309131626/tools/bin/../lib/gcc/arm-none-eabi/11.3.1/thumb/v7e-m+fp/hard/libgcc.a(_aeabi_uldivmod.o)
 .debug_frame   0x0000000000002150       0x34 /opt/st/stm32cubeide_1.13.2/plugins/com.st.stm32cube.ide.mcu.externaltools.gnu-tools-for-stm32.11.3.rel1.linux64_1.1.1.202309131626/tools/bin/../lib/gcc/arm-none-eabi/11.3.1/thumb/v7e-m+fp/hard/libgcc.a(_udivmoddi4.o)

.debug_line_str
                0x0000000000000000       0x4f
 .debug_line_str
                0x0000000000000000       0x4f ./Core/Startup/startup_stm32f407vgtx.o
                                         0x67 (size before relaxing)
