../Core/Src/main.c:70:6:vContinuosTask	1024	static
../Core/Src/main.c:96:5:main	72	static
../Core/Src/main.c:174:6:SystemClock_Config	88	static
../Core/Src/main.c:220:13:MX_ADC1_Init	24	static
../Core/Src/main.c:272:13:MX_USART2_UART_Init	8	static
../Core/Src/main.c:305:13:MX_GPIO_Init	32	static
../Core/Src/main.c:339:6:StartDefaultTask	16	static
../Core/Src/main.c:357:6:StartTask02	16	static
../Core/Src/main.c:376:6:HAL_TIM_PeriodElapsedCallback	16	static
../Core/Src/main.c:393:6:Error_Handler	4	static,ignoring_inline_asm
